../Core/Src/oled.c:41:6:Send	24	static
../Core/Src/oled.c:48:6:OLED_SendCmd	24	static
../Core/Src/oled.c:61:6:OLED_Init	8	static
../Core/Src/oled.c:112:6:OLED_DisPlay_On	8	static
../Core/Src/oled.c:121:6:OLED_DisPlay_Off	8	static
../Core/Src/oled.c:132:6:OLED_SetColorMode	16	static
../Core/Src/oled.c:146:6:OLED_NewFrame	8	static
../Core/Src/oled.c:154:6:OLED_ShowFrame	16	static
../Core/Src/oled.c:172:6:OLED_SetPixel	16	static
../Core/Src/oled.c:193:6:OLED_SetByte_Fine	16	static
../Core/Src/oled.c:216:6:OLED_SetByte	16	static
../Core/Src/oled.c:233:6:OLED_SetBits_Fine	40	static
../Core/Src/oled.c:257:6:OLED_SetBits	40	static
../Core/Src/oled.c:277:6:OLED_SetBlock	40	static
../Core/Src/oled.c:312:6:OLED_DrawLine	40	static
../Core/Src/oled.c:371:6:OLED_DrawRectangle	32	static
../Core/Src/oled.c:386:6:OLED_DrawFilledRectangle	40	static
../Core/Src/oled.c:400:6:OLED_DrawCircle	32	static
../Core/Src/oled.c:431:6:OLED_DrawFilledCircle	40	static
../Core/Src/oled.c:459:6:OLED_DrawImage	32	static
../Core/Src/oled.c:473:6:OLED_PrintASCIIChar	32	static
../Core/Src/oled.c:485:6:OLED_PrintASCIIString	40	static
../Core/Src/oled.c:497:9:_OLED_GetUTF8Len	16	static
../Core/Src/oled.c:510:6:OLED_PrintString	56	static
