Archive member included to satisfy reference by file (symbol)

E:/dev/Embedded/STM32CubeIDE_1.16.0/STM32CubeIDE/plugins/com.st.stm32cube.ide.mcu.externaltools.gnu-tools-for-stm32.12.3.rel1.win32_1.0.200.202406191623/tools/bin/../lib/gcc/arm-none-eabi/12.3.1/../../../../arm-none-eabi/lib/thumb/v7-m/nofp\libc_nano.a(libc_a-exit.o)
                              E:/dev/Embedded/STM32CubeIDE_1.16.0/STM32CubeIDE/plugins/com.st.stm32cube.ide.mcu.externaltools.gnu-tools-for-stm32.12.3.rel1.win32_1.0.200.202406191623/tools/bin/../lib/gcc/arm-none-eabi/12.3.1/../../../../arm-none-eabi/lib/thumb/v7-m/nofp/crt0.o (exit)
E:/dev/Embedded/STM32CubeIDE_1.16.0/STM32CubeIDE/plugins/com.st.stm32cube.ide.mcu.externaltools.gnu-tools-for-stm32.12.3.rel1.win32_1.0.200.202406191623/tools/bin/../lib/gcc/arm-none-eabi/12.3.1/../../../../arm-none-eabi/lib/thumb/v7-m/nofp\libc_nano.a(libc_a-findfp.o)
                              E:/dev/Embedded/STM32CubeIDE_1.16.0/STM32CubeIDE/plugins/com.st.stm32cube.ide.mcu.externaltools.gnu-tools-for-stm32.12.3.rel1.win32_1.0.200.202406191623/tools/bin/../lib/gcc/arm-none-eabi/12.3.1/../../../../arm-none-eabi/lib/thumb/v7-m/nofp\libc_nano.a(libc_a-exit.o) (__stdio_exit_handler)
E:/dev/Embedded/STM32CubeIDE_1.16.0/STM32CubeIDE/plugins/com.st.stm32cube.ide.mcu.externaltools.gnu-tools-for-stm32.12.3.rel1.win32_1.0.200.202406191623/tools/bin/../lib/gcc/arm-none-eabi/12.3.1/../../../../arm-none-eabi/lib/thumb/v7-m/nofp\libc_nano.a(libc_a-fwalk.o)
                              E:/dev/Embedded/STM32CubeIDE_1.16.0/STM32CubeIDE/plugins/com.st.stm32cube.ide.mcu.externaltools.gnu-tools-for-stm32.12.3.rel1.win32_1.0.200.202406191623/tools/bin/../lib/gcc/arm-none-eabi/12.3.1/../../../../arm-none-eabi/lib/thumb/v7-m/nofp\libc_nano.a(libc_a-findfp.o) (_fwalk_sglue)
E:/dev/Embedded/STM32CubeIDE_1.16.0/STM32CubeIDE/plugins/com.st.stm32cube.ide.mcu.externaltools.gnu-tools-for-stm32.12.3.rel1.win32_1.0.200.202406191623/tools/bin/../lib/gcc/arm-none-eabi/12.3.1/../../../../arm-none-eabi/lib/thumb/v7-m/nofp\libc_nano.a(libc_a-sprintf.o)
                              ./Core/Src/Dino.o (sprintf)
E:/dev/Embedded/STM32CubeIDE_1.16.0/STM32CubeIDE/plugins/com.st.stm32cube.ide.mcu.externaltools.gnu-tools-for-stm32.12.3.rel1.win32_1.0.200.202406191623/tools/bin/../lib/gcc/arm-none-eabi/12.3.1/../../../../arm-none-eabi/lib/thumb/v7-m/nofp\libc_nano.a(libc_a-stdio.o)
                              E:/dev/Embedded/STM32CubeIDE_1.16.0/STM32CubeIDE/plugins/com.st.stm32cube.ide.mcu.externaltools.gnu-tools-for-stm32.12.3.rel1.win32_1.0.200.202406191623/tools/bin/../lib/gcc/arm-none-eabi/12.3.1/../../../../arm-none-eabi/lib/thumb/v7-m/nofp\libc_nano.a(libc_a-findfp.o) (__sread)
E:/dev/Embedded/STM32CubeIDE_1.16.0/STM32CubeIDE/plugins/com.st.stm32cube.ide.mcu.externaltools.gnu-tools-for-stm32.12.3.rel1.win32_1.0.200.202406191623/tools/bin/../lib/gcc/arm-none-eabi/12.3.1/../../../../arm-none-eabi/lib/thumb/v7-m/nofp\libc_nano.a(libc_a-memcmp.o)
                              ./Core/Src/oled.o (memcmp)
E:/dev/Embedded/STM32CubeIDE_1.16.0/STM32CubeIDE/plugins/com.st.stm32cube.ide.mcu.externaltools.gnu-tools-for-stm32.12.3.rel1.win32_1.0.200.202406191623/tools/bin/../lib/gcc/arm-none-eabi/12.3.1/../../../../arm-none-eabi/lib/thumb/v7-m/nofp\libc_nano.a(libc_a-memset.o)
                              E:/dev/Embedded/STM32CubeIDE_1.16.0/STM32CubeIDE/plugins/com.st.stm32cube.ide.mcu.externaltools.gnu-tools-for-stm32.12.3.rel1.win32_1.0.200.202406191623/tools/bin/../lib/gcc/arm-none-eabi/12.3.1/../../../../arm-none-eabi/lib/thumb/v7-m/nofp/crt0.o (memset)
E:/dev/Embedded/STM32CubeIDE_1.16.0/STM32CubeIDE/plugins/com.st.stm32cube.ide.mcu.externaltools.gnu-tools-for-stm32.12.3.rel1.win32_1.0.200.202406191623/tools/bin/../lib/gcc/arm-none-eabi/12.3.1/../../../../arm-none-eabi/lib/thumb/v7-m/nofp\libc_nano.a(libc_a-closer.o)
                              E:/dev/Embedded/STM32CubeIDE_1.16.0/STM32CubeIDE/plugins/com.st.stm32cube.ide.mcu.externaltools.gnu-tools-for-stm32.12.3.rel1.win32_1.0.200.202406191623/tools/bin/../lib/gcc/arm-none-eabi/12.3.1/../../../../arm-none-eabi/lib/thumb/v7-m/nofp\libc_nano.a(libc_a-stdio.o) (_close_r)
E:/dev/Embedded/STM32CubeIDE_1.16.0/STM32CubeIDE/plugins/com.st.stm32cube.ide.mcu.externaltools.gnu-tools-for-stm32.12.3.rel1.win32_1.0.200.202406191623/tools/bin/../lib/gcc/arm-none-eabi/12.3.1/../../../../arm-none-eabi/lib/thumb/v7-m/nofp\libc_nano.a(libc_a-reent.o)
                              E:/dev/Embedded/STM32CubeIDE_1.16.0/STM32CubeIDE/plugins/com.st.stm32cube.ide.mcu.externaltools.gnu-tools-for-stm32.12.3.rel1.win32_1.0.200.202406191623/tools/bin/../lib/gcc/arm-none-eabi/12.3.1/../../../../arm-none-eabi/lib/thumb/v7-m/nofp\libc_nano.a(libc_a-closer.o) (errno)
[...]
Memory Configuration

Name             Origin             Length             Attributes
RAM              0x20000000         0x00005000         xrw
FLASH            0x08000000         0x00010000         xr
*default*        0x00000000         0xffffffff

Linker script and memory map

LOAD E:/dev/Embedded/STM32CubeIDE_1.16.0/STM32CubeIDE/plugins/com.st.stm32cube.ide.mcu.externaltools.gnu-tools-for-stm32.12.3.rel1.win32_1.0.200.202406191623/tools/bin/../lib/gcc/arm-none-eabi/12.3.1/thumb/v7-m/nofp/crti.o
LOAD E:/dev/Embedded/STM32CubeIDE_1.16.0/STM32CubeIDE/plugins/com.st.stm32cube.ide.mcu.externaltools.gnu-tools-for-stm32.12.3.rel1.win32_1.0.200.202406191623/tools/bin/../lib/gcc/arm-none-eabi/12.3.1/thumb/v7-m/nofp/crtbegin.o
LOAD E:/dev/Embedded/STM32CubeIDE_1.16.0/STM32CubeIDE/plugins/com.st.stm32cube.ide.mcu.externaltools.gnu-tools-for-stm32.12.3.rel1.win32_1.0.200.202406191623/tools/bin/../lib/gcc/arm-none-eabi/12.3.1/../../../../arm-none-eabi/lib/thumb/v7-m/nofp/crt0.o
LOAD ./Core/Src/Dino.o
LOAD ./Core/Src/dma.o
LOAD ./Core/Src/font.o
LOAD ./Core/Src/gpio.o
LOAD ./Core/Src/i2c.o
LOAD ./Core/Src/main.o
LOAD ./Core/Src/oled.o
LOAD ./Core/Src/stm32f1xx_hal_msp.o
LOAD ./Core/Src/stm32f1xx_it.o
LOAD ./Core/Src/syscalls.o
LOAD ./Core/Src/sysmem.o
LOAD ./Core/Src/system_stm32f1xx.o
LOAD ./Core/Startup/startup_stm32f103c8tx.o
LOAD ./Drivers/STM32F1xx_HAL_Driver/Src/stm32f1xx_hal.o
LOAD ./Drivers/STM32F1xx_HAL_Driver/Src/stm32f1xx_hal_cortex.o
LOAD ./Drivers/STM32F1xx_HAL_Driver/Src/stm32f1xx_hal_dma.o
LOAD ./Drivers/STM32F1xx_HAL_Driver/Src/stm32f1xx_hal_exti.o
LOAD ./Drivers/STM32F1xx_HAL_Driver/Src/stm32f1xx_hal_flash.o
LOAD ./Drivers/STM32F1xx_HAL_Driver/Src/stm32f1xx_hal_flash_ex.o
LOAD ./Drivers/STM32F1xx_HAL_Driver/Src/stm32f1xx_hal_gpio.o
LOAD ./Drivers/STM32F1xx_HAL_Driver/Src/stm32f1xx_hal_gpio_ex.o
LOAD ./Drivers/STM32F1xx_HAL_Driver/Src/stm32f1xx_hal_i2c.o
LOAD ./Drivers/STM32F1xx_HAL_Driver/Src/stm32f1xx_hal_pwr.o
LOAD ./Drivers/STM32F1xx_HAL_Driver/Src/stm32f1xx_hal_rcc.o
LOAD ./Drivers/STM32F1xx_HAL_Driver/Src/stm32f1xx_hal_rcc_ex.o
LOAD ./Drivers/STM32F1xx_HAL_Driver/Src/stm32f1xx_hal_tim.o
LOAD ./Drivers/STM32F1xx_HAL_Driver/Src/stm32f1xx_hal_tim_ex.o
START GROUP
LOAD E:/dev/Embedded/STM32CubeIDE_1.16.0/STM32CubeIDE/plugins/com.st.stm32cube.ide.mcu.externaltools.gnu-tools-for-stm32.12.3.rel1.win32_1.0.200.202406191623/tools/bin/../lib/gcc/arm-none-eabi/12.3.1/../../../../arm-none-eabi/lib/thumb/v7-m/nofp\libc_nano.a
LOAD E:/dev/Embedded/STM32CubeIDE_1.16.0/STM32CubeIDE/plugins/com.st.stm32cube.ide.mcu.externaltools.gnu-tools-for-stm32.12.3.rel1.win32_1.0.200.202406191623/tools/bin/../lib/gcc/arm-none-eabi/12.3.1/../../../../arm-none-eabi/lib/thumb/v7-m/nofp\libm.a
END GROUP
START GROUP
LOAD E:/dev/Embedded/STM32CubeIDE_1.16.0/STM32CubeIDE/plugins/com.st.stm32cube.ide.mcu.externaltools.gnu-tools-for-stm32.12.3.rel1.win32_1.0.200.202406191623/tools/bin/../lib/gcc/arm-none-eabi/12.3.1/thumb/v7-m/nofp\libgcc.a
LOAD E:/dev/Embedded/STM32CubeIDE_1.16.0/STM32CubeIDE/plugins/com.st.stm32cube.ide.mcu.externaltools.gnu-tools-for-stm32.12.3.rel1.win32_1.0.200.202406191623/tools/bin/../lib/gcc/arm-none-eabi/12.3.1/../../../../arm-none-eabi/lib/thumb/v7-m/nofp\libc_nano.a
END GROUP
START GROUP
LOAD E:/dev/Embedded/STM32CubeIDE_1.16.0/STM32CubeIDE/plugins/com.st.stm32cube.ide.mcu.externaltools.gnu-tools-for-stm32.12.3.rel1.win32_1.0.200.202406191623/tools/bin/../lib/gcc/arm-none-eabi/12.3.1/thumb/v7-m/nofp\libgcc.a
LOAD E:/dev/Embedded/STM32CubeIDE_1.16.0/STM32CubeIDE/plugins/com.st.stm32cube.ide.mcu.externaltools.gnu-tools-for-stm32.12.3.rel1.win32_1.0.200.202406191623/tools/bin/../lib/gcc/arm-none-eabi/12.3.1/../../../../arm-none-eabi/lib/thumb/v7-m/nofp\libc_nano.a
LOAD E:/dev/Embedded/STM32CubeIDE_1.16.0/STM32CubeIDE/plugins/com.st.stm32cube.ide.mcu.externaltools.gnu-tools-for-stm32.12.3.rel1.win32_1.0.200.202406191623/tools/bin/../lib/gcc/arm-none-eabi/12.3.1/../../../../arm-none-eabi/lib/thumb/v7-m/nofp\libnosys.a
END GROUP
START GROUP
LOAD E:/dev/Embedded/STM32CubeIDE_1.16.0/STM32CubeIDE/plugins/com.st.stm32cube.ide.mcu.externaltools.gnu-tools-for-stm32.12.3.rel1.win32_1.0.200.202406191623/tools/bin/../lib/gcc/arm-none-eabi/12.3.1/thumb/v7-m/nofp\libgcc.a
LOAD E:/dev/Embedded/STM32CubeIDE_1.16.0/STM32CubeIDE/plugins/com.st.stm32cube.ide.mcu.externaltools.gnu-tools-for-stm32.12.3.rel1.win32_1.0.200.202406191623/tools/bin/../lib/gcc/arm-none-eabi/12.3.1/../../../../arm-none-eabi/lib/thumb/v7-m/nofp\libc_nano.a
LOAD E:/dev/Embedded/STM32CubeIDE_1.16.0/STM32CubeIDE/plugins/com.st.stm32cube.ide.mcu.externaltools.gnu-tools-for-stm32.12.3.rel1.win32_1.0.200.202406191623/tools/bin/../lib/gcc/arm-none-eabi/12.3.1/../../../../arm-none-eabi/lib/thumb/v7-m/nofp\libnosys.a
END GROUP
LOAD E:/dev/Embedded/STM32CubeIDE_1.16.0/STM32CubeIDE/plugins/com.st.stm32cube.ide.mcu.externaltools.gnu-tools-for-stm32.12.3.rel1.win32_1.0.200.202406191623/tools/bin/../lib/gcc/arm-none-eabi/12.3.1/thumb/v7-m/nofp/crtend.o
LOAD E:/dev/Embedded/STM32CubeIDE_1.16.0/STM32CubeIDE/plugins/com.st.stm32cube.ide.mcu.externaltools.gnu-tools-for-stm32.12.3.rel1.win32_1.0.200.202406191623/tools/bin/../lib/gcc/arm-none-eabi/12.3.1/thumb/v7-m/nofp/crtn.o
                0x20005000                        _estack = (ORIGIN (RAM) + LENGTH (RAM))
                0x00000200                        _Min_Heap_Size = 0x200
                0x00000400                        _Min_Stack_Size = 0x400

.isr_vector     0x08000000      0x10c
                0x08000000                        . = ALIGN (0x4)
 *(.isr_vector)
 .isr_vector    0x08000000      0x10c ./Core/Startup/startup_stm32f103c8tx.o
                0x08000000                g_pfnVectors
                0x0800010c                        . = ALIGN (0x4)

.text           0x0800010c     0x5360
                0x0800010c                        . = ALIGN (0x4)
 *(.text)
 .text          0x0800010c       0x40 E:/dev/Embedded/STM32CubeIDE_1.16.0/STM32CubeIDE/plugins/com.st.stm32cube.ide.mcu.externaltools.gnu-tools-for-stm32.12.3.rel1.win32_1.0.200.202406191623/tools/bin/../lib/gcc/arm-none-eabi/12.3.1/thumb/v7-m/nofp/crtbegin.o
 *(.text*)
 .text.introMessage
                0x0800014c       0x50 ./Core/Src/Dino.o
                0x0800014c                introMessage
 .text.showLine
                0x0800019c       0x4c ./Core/Src/Dino.o
                0x0800019c                showLine
 .text.moveDino
                0x080001e8       0x80 ./Core/Src/Dino.o
                0x080001e8                moveDino
 .text.moveTree
                0x08000268       0x3c ./Core/Src/Dino.o
                0x08000268                moveTree
 .text.displayScore
                0x080002a4       0x90 ./Core/Src/Dino.o
                0x080002a4                displayScore
 .text.play     0x08000334      0x3d8 ./Core/Src/Dino.o
                0x08000334                play
 .text.MX_DMA_Init
                0x0800070c       0x4c ./Core/Src/dma.o
                0x0800070c                MX_DMA_Init
 .text.MX_GPIO_Init
                0x08000758       0x88 ./Core/Src/gpio.o
                0x08000758                MX_GPIO_Init
 .text.MX_I2C1_Init
                0x080007e0       0x5c ./Core/Src/i2c.o
                0x080007e0                MX_I2C1_Init
 .text.HAL_I2C_MspInit
                0x0800083c      0x144 ./Core/Src/i2c.o
                0x0800083c                HAL_I2C_MspInit
 .text.main     0x08000980       0x64 ./Core/Src/main.o
                0x08000980                main
 .text.SystemClock_Config
                0x080009e4       0x8a ./Core/Src/main.o
                0x080009e4                SystemClock_Config
 .text.Error_Handler
                0x08000a6e        0xc ./Core/Src/main.o
                0x08000a6e                Error_Handler
 *fill*         0x08000a7a        0x2 
 .text.Send     0x08000a7c       0x2c ./Core/Src/oled.o
                0x08000a7c                Send
 .text.OLED_SendCmd
                0x08000aa8       0x2a ./Core/Src/oled.o
                0x08000aa8                OLED_SendCmd
 .text.OLED_Init
                0x08000ad2       0xac ./Core/Src/oled.o
                0x08000ad2                OLED_Init
 *fill*         0x08000b7e        0x2 
 .text.OLED_NewFrame
                0x08000b80       0x18 ./Core/Src/oled.o
                0x08000b80                OLED_NewFrame
 .text.OLED_ShowFrame
                0x08000b98       0x68 ./Core/Src/oled.o
                0x08000b98                OLED_ShowFrame
 .text.OLED_SetPixel
                0x08000c00       0xb0 ./Core/Src/oled.o
                0x08000c00                OLED_SetPixel
 .text.OLED_SetByte_Fine
                0x08000cb0       0xf8 ./Core/Src/oled.o
                0x08000cb0                OLED_SetByte_Fine
 .text.OLED_SetBits_Fine
                0x08000da8       0xbe ./Core/Src/oled.o
                0x08000da8                OLED_SetBits_Fine
 .text.OLED_SetBits
                0x08000e66       0x82 ./Core/Src/oled.o
                0x08000e66                OLED_SetBits
 .text.OLED_SetBlock
                0x08000ee8       0xe2 ./Core/Src/oled.o
                0x08000ee8                OLED_SetBlock
 *fill*         0x08000fca        0x2 
 .text.OLED_DrawLine
                0x08000fcc      0x1d8 ./Core/Src/oled.o
                0x08000fcc                OLED_DrawLine
 .text.OLED_DrawImage
                0x080011a4       0x3c ./Core/Src/oled.o
                0x080011a4                OLED_DrawImage
 .text.OLED_PrintASCIIChar
                0x080011e0       0x5e ./Core/Src/oled.o
                0x080011e0                OLED_PrintASCIIChar
 .text._OLED_GetUTF8Len
                0x0800123e       0x52 ./Core/Src/oled.o
                0x0800123e                _OLED_GetUTF8Len
 .text.OLED_PrintString
                0x08001290      0x14c ./Core/Src/oled.o
                0x08001290                OLED_PrintString
 .text.HAL_MspInit
                0x080013dc       0x64 ./Core/Src/stm32f1xx_hal_msp.o
                0x080013dc                HAL_MspInit
 .text.NMI_Handler
                0x08001440        0x8 ./Core/Src/stm32f1xx_it.o
                0x08001440                NMI_Handler
 .text.HardFault_Handler
                0x08001448        0x8 ./Core/Src/stm32f1xx_it.o
                0x08001448                HardFault_Handler
 .text.MemManage_Handler
                0x08001450        0x8 ./Core/Src/stm32f1xx_it.o
                0x08001450                MemManage_Handler
 .text.BusFault_Handler
                0x08001458        0x8 ./Core/Src/stm32f1xx_it.o
                0x08001458                BusFault_Handler
 .text.UsageFault_Handler
                0x08001460        0x8 ./Core/Src/stm32f1xx_it.o
                0x08001460                UsageFault_Handler
 .text.SVC_Handler
                0x08001468        0xc ./Core/Src/stm32f1xx_it.o
                0x08001468                SVC_Handler
 .text.DebugMon_Handler
                0x08001474        0xc ./Core/Src/stm32f1xx_it.o
                0x08001474                DebugMon_Handler
 .text.PendSV_Handler
                0x08001480        0xc ./Core/Src/stm32f1xx_it.o
                0x08001480                PendSV_Handler
 .text.SysTick_Handler
                0x0800148c        0xc ./Core/Src/stm32f1xx_it.o
                0x0800148c                SysTick_Handler
 .text.DMA1_Channel6_IRQHandler
                0x08001498       0x14 ./Core/Src/stm32f1xx_it.o
                0x08001498                DMA1_Channel6_IRQHandler
 .text.DMA1_Channel7_IRQHandler
                0x080014ac       0x14 ./Core/Src/stm32f1xx_it.o
                0x080014ac                DMA1_Channel7_IRQHandler
 .text.I2C1_EV_IRQHandler
                0x080014c0       0x14 ./Core/Src/stm32f1xx_it.o
                0x080014c0                I2C1_EV_IRQHandler
 .text.I2C1_ER_IRQHandler
                0x080014d4       0x14 ./Core/Src/stm32f1xx_it.o
                0x080014d4                I2C1_ER_IRQHandler
 .text._sbrk    0x080014e8       0x6c ./Core/Src/sysmem.o
                0x080014e8                _sbrk
 .text.SystemInit
                0x08001554        0xc ./Core/Src/system_stm32f1xx.o
                0x08001554                SystemInit
 .text.Reset_Handler
                0x08001560       0x48 ./Core/Startup/startup_stm32f103c8tx.o
                0x08001560                Reset_Handler
 .text.Default_Handler
                0x080015a8        0x2 ./Core/Startup/startup_stm32f103c8tx.o
                0x080015a8                RTC_Alarm_IRQHandler
                0x080015a8                EXTI2_IRQHandler
                0x080015a8                TIM1_CC_IRQHandler
                0x080015a8                PVD_IRQHandler
                0x080015a8                EXTI3_IRQHandler
                0x080015a8                EXTI0_IRQHandler
                0x080015a8                I2C2_EV_IRQHandler
                0x080015a8                ADC1_2_IRQHandler
                0x080015a8                SPI1_IRQHandler
                0x080015a8                TAMPER_IRQHandler
                0x080015a8                DMA1_Channel4_IRQHandler
                0x080015a8                USART3_IRQHandler
                0x080015a8                RTC_IRQHandler
                0x080015a8                CAN1_RX1_IRQHandler
                0x080015a8                TIM4_IRQHandler
                0x080015a8                TIM3_IRQHandler
                0x080015a8                RCC_IRQHandler
                0x080015a8                TIM1_TRG_COM_IRQHandler
                0x080015a8                DMA1_Channel1_IRQHandler
                0x080015a8                Default_Handler
                0x080015a8                EXTI15_10_IRQHandler
                0x080015a8                EXTI9_5_IRQHandler
                0x080015a8                SPI2_IRQHandler
                0x080015a8                DMA1_Channel5_IRQHandler
                0x080015a8                EXTI4_IRQHandler
                0x080015a8                USB_LP_CAN1_RX0_IRQHandler
                0x080015a8                USB_HP_CAN1_TX_IRQHandler
                0x080015a8                DMA1_Channel3_IRQHandler
                0x080015a8                TIM1_UP_IRQHandler
                0x080015a8                WWDG_IRQHandler
                0x080015a8                TIM2_IRQHandler
                0x080015a8                TIM1_BRK_IRQHandler
                0x080015a8                EXTI1_IRQHandler
                0x080015a8                USART2_IRQHandler
                0x080015a8                I2C2_ER_IRQHandler
                0x080015a8                DMA1_Channel2_IRQHandler
                0x080015a8                CAN1_SCE_IRQHandler
                0x080015a8                FLASH_IRQHandler
                0x080015a8                USART1_IRQHandler
                0x080015a8                USBWakeUp_IRQHandler
 *fill*         0x080015aa        0x2 
 .text.HAL_Init
                0x080015ac       0x2c ./Drivers/STM32F1xx_HAL_Driver/Src/stm32f1xx_hal.o
                0x080015ac                HAL_Init
 .text.HAL_InitTick
                0x080015d8       0x60 ./Drivers/STM32F1xx_HAL_Driver/Src/stm32f1xx_hal.o
                0x080015d8                HAL_InitTick
 .text.HAL_IncTick
                0x08001638       0x24 ./Drivers/STM32F1xx_HAL_Driver/Src/stm32f1xx_hal.o
                0x08001638                HAL_IncTick
 .text.HAL_GetTick
                0x0800165c       0x14 ./Drivers/STM32F1xx_HAL_Driver/Src/stm32f1xx_hal.o
                0x0800165c                HAL_GetTick
 .text.HAL_Delay
                0x08001670       0x48 ./Drivers/STM32F1xx_HAL_Driver/Src/stm32f1xx_hal.o
                0x08001670                HAL_Delay
 .text.__NVIC_SetPriorityGrouping
                0x080016b8       0x48 ./Drivers/STM32F1xx_HAL_Driver/Src/stm32f1xx_hal_cortex.o
 .text.__NVIC_GetPriorityGrouping
                0x08001700       0x1c ./Drivers/STM32F1xx_HAL_Driver/Src/stm32f1xx_hal_cortex.o
 .text.__NVIC_EnableIRQ
                0x0800171c       0x38 ./Drivers/STM32F1xx_HAL_Driver/Src/stm32f1xx_hal_cortex.o
 .text.__NVIC_SetPriority
                0x08001754       0x54 ./Drivers/STM32F1xx_HAL_Driver/Src/stm32f1xx_hal_cortex.o
 .text.NVIC_EncodePriority
                0x080017a8       0x64 ./Drivers/STM32F1xx_HAL_Driver/Src/stm32f1xx_hal_cortex.o
 .text.SysTick_Config
                0x0800180c       0x44 ./Drivers/STM32F1xx_HAL_Driver/Src/stm32f1xx_hal_cortex.o
 .text.HAL_NVIC_SetPriorityGrouping
                0x08001850       0x16 ./Drivers/STM32F1xx_HAL_Driver/Src/stm32f1xx_hal_cortex.o
                0x08001850                HAL_NVIC_SetPriorityGrouping
 .text.HAL_NVIC_SetPriority
                0x08001866       0x38 ./Drivers/STM32F1xx_HAL_Driver/Src/stm32f1xx_hal_cortex.o
                0x08001866                HAL_NVIC_SetPriority
 .text.HAL_NVIC_EnableIRQ
                0x0800189e       0x1c ./Drivers/STM32F1xx_HAL_Driver/Src/stm32f1xx_hal_cortex.o
                0x0800189e                HAL_NVIC_EnableIRQ
 .text.HAL_SYSTICK_Config
                0x080018ba       0x18 ./Drivers/STM32F1xx_HAL_Driver/Src/stm32f1xx_hal_cortex.o
                0x080018ba                HAL_SYSTICK_Config
 *fill*         0x080018d2        0x2 
 .text.HAL_DMA_Init
                0x080018d4       0xb4 ./Drivers/STM32F1xx_HAL_Driver/Src/stm32f1xx_hal_dma.o
                0x080018d4                HAL_DMA_Init
 .text.HAL_DMA_Abort_IT
                0x08001988       0xf0 ./Drivers/STM32F1xx_HAL_Driver/Src/stm32f1xx_hal_dma.o
                0x08001988                HAL_DMA_Abort_IT
 .text.HAL_DMA_IRQHandler
                0x08001a78      0x20c ./Drivers/STM32F1xx_HAL_Driver/Src/stm32f1xx_hal_dma.o
                0x08001a78                HAL_DMA_IRQHandler
 .text.HAL_DMA_GetState
                0x08001c84       0x1a ./Drivers/STM32F1xx_HAL_Driver/Src/stm32f1xx_hal_dma.o
                0x08001c84                HAL_DMA_GetState
 *fill*         0x08001c9e        0x2 
 .text.HAL_GPIO_Init
                0x08001ca0      0x308 ./Drivers/STM32F1xx_HAL_Driver/Src/stm32f1xx_hal_gpio.o
                0x08001ca0                HAL_GPIO_Init
 .text.HAL_GPIO_ReadPin
                0x08001fa8       0x2e ./Drivers/STM32F1xx_HAL_Driver/Src/stm32f1xx_hal_gpio.o
                0x08001fa8                HAL_GPIO_ReadPin
 *fill*         0x08001fd6        0x2 
 .text.HAL_I2C_Init
                0x08001fd8      0x288 ./Drivers/STM32F1xx_HAL_Driver/Src/stm32f1xx_hal_i2c.o
                0x08001fd8                HAL_I2C_Init
 .text.I2C_Flush_DR
                0x08002260       0x28 ./Drivers/STM32F1xx_HAL_Driver/Src/stm32f1xx_hal_i2c.o
 .text.HAL_I2C_Master_Transmit
                0x08002288      0x1fc ./Drivers/STM32F1xx_HAL_Driver/Src/stm32f1xx_hal_i2c.o
                0x08002288                HAL_I2C_Master_Transmit
 .text.HAL_I2C_EV_IRQHandler
                0x08002484      0x2a6 ./Drivers/STM32F1xx_HAL_Driver/Src/stm32f1xx_hal_i2c.o
                0x08002484                HAL_I2C_EV_IRQHandler
 .text.HAL_I2C_ER_IRQHandler
                0x0800272a      0x14e ./Drivers/STM32F1xx_HAL_Driver/Src/stm32f1xx_hal_i2c.o
                0x0800272a                HAL_I2C_ER_IRQHandler
 .text.HAL_I2C_MasterTxCpltCallback
                0x08002878       0x12 ./Drivers/STM32F1xx_HAL_Driver/Src/stm32f1xx_hal_i2c.o
                0x08002878                HAL_I2C_MasterTxCpltCallback
 .text.HAL_I2C_MasterRxCpltCallback
                0x0800288a       0x12 ./Drivers/STM32F1xx_HAL_Driver/Src/stm32f1xx_hal_i2c.o
                0x0800288a                HAL_I2C_MasterRxCpltCallback
 .text.HAL_I2C_SlaveTxCpltCallback
                0x0800289c       0x12 ./Drivers/STM32F1xx_HAL_Driver/Src/stm32f1xx_hal_i2c.o
                0x0800289c                HAL_I2C_SlaveTxCpltCallback
 .text.HAL_I2C_SlaveRxCpltCallback
                0x080028ae       0x12 ./Drivers/STM32F1xx_HAL_Driver/Src/stm32f1xx_hal_i2c.o
                0x080028ae                HAL_I2C_SlaveRxCpltCallback
 .text.HAL_I2C_AddrCallback
                0x080028c0       0x1a ./Drivers/STM32F1xx_HAL_Driver/Src/stm32f1xx_hal_i2c.o
                0x080028c0                HAL_I2C_AddrCallback
 .text.HAL_I2C_ListenCpltCallback
                0x080028da       0x12 ./Drivers/STM32F1xx_HAL_Driver/Src/stm32f1xx_hal_i2c.o
                0x080028da                HAL_I2C_ListenCpltCallback
 .text.HAL_I2C_MemTxCpltCallback
                0x080028ec       0x12 ./Drivers/STM32F1xx_HAL_Driver/Src/stm32f1xx_hal_i2c.o
                0x080028ec                HAL_I2C_MemTxCpltCallback
 .text.HAL_I2C_MemRxCpltCallback
                0x080028fe       0x12 ./Drivers/STM32F1xx_HAL_Driver/Src/stm32f1xx_hal_i2c.o
                0x080028fe                HAL_I2C_MemRxCpltCallback
 .text.HAL_I2C_ErrorCallback
                0x08002910       0x12 ./Drivers/STM32F1xx_HAL_Driver/Src/stm32f1xx_hal_i2c.o
                0x08002910                HAL_I2C_ErrorCallback
 .text.HAL_I2C_AbortCpltCallback
                0x08002922       0x12 ./Drivers/STM32F1xx_HAL_Driver/Src/stm32f1xx_hal_i2c.o
                0x08002922                HAL_I2C_AbortCpltCallback
 .text.I2C_MasterTransmit_TXE
                0x08002934      0x138 ./Drivers/STM32F1xx_HAL_Driver/Src/stm32f1xx_hal_i2c.o
 .text.I2C_MasterTransmit_BTF
                0x08002a6c       0xec ./Drivers/STM32F1xx_HAL_Driver/Src/stm32f1xx_hal_i2c.o
 .text.I2C_MemoryTransmit_TXE_BTF
                0x08002b58      0x130 ./Drivers/STM32F1xx_HAL_Driver/Src/stm32f1xx_hal_i2c.o
 .text.I2C_MasterReceive_RXNE
                0x08002c88      0x190 ./Drivers/STM32F1xx_HAL_Driver/Src/stm32f1xx_hal_i2c.o
 .text.I2C_MasterReceive_BTF
                0x08002e18      0x1e2 ./Drivers/STM32F1xx_HAL_Driver/Src/stm32f1xx_hal_i2c.o
 .text.I2C_Master_SB
                0x08002ffa      0x10a ./Drivers/STM32F1xx_HAL_Driver/Src/stm32f1xx_hal_i2c.o
 .text.I2C_Master_ADD10
                0x08003104       0x52 ./Drivers/STM32F1xx_HAL_Driver/Src/stm32f1xx_hal_i2c.o
 .text.I2C_Master_ADDR
                0x08003156      0x336 ./Drivers/STM32F1xx_HAL_Driver/Src/stm32f1xx_hal_i2c.o
 .text.I2C_SlaveTransmit_TXE
                0x0800348c       0x7a ./Drivers/STM32F1xx_HAL_Driver/Src/stm32f1xx_hal_i2c.o
 .text.I2C_SlaveTransmit_BTF
                0x08003506       0x40 ./Drivers/STM32F1xx_HAL_Driver/Src/stm32f1xx_hal_i2c.o
 .text.I2C_SlaveReceive_RXNE
                0x08003546       0x7c ./Drivers/STM32F1xx_HAL_Driver/Src/stm32f1xx_hal_i2c.o
 .text.I2C_SlaveReceive_BTF
                0x080035c2       0x42 ./Drivers/STM32F1xx_HAL_Driver/Src/stm32f1xx_hal_i2c.o
 .text.I2C_Slave_ADDR
                0x08003604       0x90 ./Drivers/STM32F1xx_HAL_Driver/Src/stm32f1xx_hal_i2c.o
 .text.I2C_Slave_STOPF
                0x08003694      0x260 ./Drivers/STM32F1xx_HAL_Driver/Src/stm32f1xx_hal_i2c.o
 .text.I2C_Slave_AF
                0x080038f4       0xe8 ./Drivers/STM32F1xx_HAL_Driver/Src/stm32f1xx_hal_i2c.o
 .text.I2C_ITError
                0x080039dc      0x264 ./Drivers/STM32F1xx_HAL_Driver/Src/stm32f1xx_hal_i2c.o
 .text.I2C_MasterRequestWrite
                0x08003c40      0x104 ./Drivers/STM32F1xx_HAL_Driver/Src/stm32f1xx_hal_i2c.o
 .text.I2C_DMAAbort
                0x08003d44      0x150 ./Drivers/STM32F1xx_HAL_Driver/Src/stm32f1xx_hal_i2c.o
 .text.I2C_WaitOnFlagUntilTimeout
                0x08003e94       0xf4 ./Drivers/STM32F1xx_HAL_Driver/Src/stm32f1xx_hal_i2c.o
 .text.I2C_WaitOnMasterAddressFlagUntilTimeout
                0x08003f88      0x140 ./Drivers/STM32F1xx_HAL_Driver/Src/stm32f1xx_hal_i2c.o
 .text.I2C_WaitOnTXEFlagUntilTimeout
                0x080040c8       0x90 ./Drivers/STM32F1xx_HAL_Driver/Src/stm32f1xx_hal_i2c.o
 .text.I2C_WaitOnBTFFlagUntilTimeout
                0x08004158       0x90 ./Drivers/STM32F1xx_HAL_Driver/Src/stm32f1xx_hal_i2c.o
 .text.I2C_WaitOnSTOPRequestThroughIT
                0x080041e8       0x64 ./Drivers/STM32F1xx_HAL_Driver/Src/stm32f1xx_hal_i2c.o
 .text.I2C_IsAcknowledgeFailed
                0x0800424c       0x5c ./Drivers/STM32F1xx_HAL_Driver/Src/stm32f1xx_hal_i2c.o
 .text.I2C_ConvertOtherXferOptions
                0x080042a8       0x34 ./Drivers/STM32F1xx_HAL_Driver/Src/stm32f1xx_hal_i2c.o
 .text.HAL_RCC_OscConfig
                0x080042dc      0x504 ./Drivers/STM32F1xx_HAL_Driver/Src/stm32f1xx_hal_rcc.o
                0x080042dc                HAL_RCC_OscConfig
 .text.HAL_RCC_ClockConfig
                0x080047e0      0x1d4 ./Drivers/STM32F1xx_HAL_Driver/Src/stm32f1xx_hal_rcc.o
                0x080047e0                HAL_RCC_ClockConfig
 .text.HAL_RCC_GetSysClockFreq
                0x080049b4       0xa8 ./Drivers/STM32F1xx_HAL_Driver/Src/stm32f1xx_hal_rcc.o
                0x080049b4                HAL_RCC_GetSysClockFreq
 .text.HAL_RCC_GetHCLKFreq
                0x08004a5c       0x14 ./Drivers/STM32F1xx_HAL_Driver/Src/stm32f1xx_hal_rcc.o
                0x08004a5c                HAL_RCC_GetHCLKFreq
 .text.HAL_RCC_GetPCLK1Freq
                0x08004a70       0x28 ./Drivers/STM32F1xx_HAL_Driver/Src/stm32f1xx_hal_rcc.o
                0x08004a70                HAL_RCC_GetPCLK1Freq
 .text.RCC_Delay
                0x08004a98       0x3c ./Drivers/STM32F1xx_HAL_Driver/Src/stm32f1xx_hal_rcc.o
 .text.sprintf  0x08004ad4       0x40 E:/dev/Embedded/STM32CubeIDE_1.16.0/STM32CubeIDE/plugins/com.st.stm32cube.ide.mcu.externaltools.gnu-tools-for-stm32.12.3.rel1.win32_1.0.200.202406191623/tools/bin/../lib/gcc/arm-none-eabi/12.3.1/../../../../arm-none-eabi/lib/thumb/v7-m/nofp\libc_nano.a(libc_a-sprintf.o)
                0x08004ad4                siprintf
                0x08004ad4                sprintf
 .text.memcmp   0x08004b14       0x20 E:/dev/Embedded/STM32CubeIDE_1.16.0/STM32CubeIDE/plugins/com.st.stm32cube.ide.mcu.externaltools.gnu-tools-for-stm32.12.3.rel1.win32_1.0.200.202406191623/tools/bin/../lib/gcc/arm-none-eabi/12.3.1/../../../../arm-none-eabi/lib/thumb/v7-m/nofp\libc_nano.a(libc_a-memcmp.o)
                0x08004b14                memcmp
 .text.memset   0x08004b34       0x10 E:/dev/Embedded/STM32CubeIDE_1.16.0/STM32CubeIDE/plugins/com.st.stm32cube.ide.mcu.externaltools.gnu-tools-for-stm32.12.3.rel1.win32_1.0.200.202406191623/tools/bin/../lib/gcc/arm-none-eabi/12.3.1/../../../../arm-none-eabi/lib/thumb/v7-m/nofp\libc_nano.a(libc_a-memset.o)
                0x08004b34                memset
 .text.__errno  0x08004b44        0xc E:/dev/Embedded/STM32CubeIDE_1.16.0/STM32CubeIDE/plugins/com.st.stm32cube.ide.mcu.externaltools.gnu-tools-for-stm32.12.3.rel1.win32_1.0.200.202406191623/tools/bin/../lib/gcc/arm-none-eabi/12.3.1/../../../../arm-none-eabi/lib/thumb/v7-m/nofp\libc_nano.a(libc_a-errno.o)
                0x08004b44                __errno
 .text.__libc_init_array
                0x08004b50       0x48 E:/dev/Embedded/STM32CubeIDE_1.16.0/STM32CubeIDE/plugins/com.st.stm32cube.ide.mcu.externaltools.gnu-tools-for-stm32.12.3.rel1.win32_1.0.200.202406191623/tools/bin/../lib/gcc/arm-none-eabi/12.3.1/../../../../arm-none-eabi/lib/thumb/v7-m/nofp\libc_nano.a(libc_a-init.o)
                0x08004b50                __libc_init_array
 .text.__retarget_lock_acquire_recursive
                0x08004b98        0x2 E:/dev/Embedded/STM32CubeIDE_1.16.0/STM32CubeIDE/plugins/com.st.stm32cube.ide.mcu.externaltools.gnu-tools-for-stm32.12.3.rel1.win32_1.0.200.202406191623/tools/bin/../lib/gcc/arm-none-eabi/12.3.1/../../../../arm-none-eabi/lib/thumb/v7-m/nofp\libc_nano.a(libc_a-lock.o)
                0x08004b98                __retarget_lock_acquire_recursive
 .text.__retarget_lock_release_recursive
                0x08004b9a        0x2 E:/dev/Embedded/STM32CubeIDE_1.16.0/STM32CubeIDE/plugins/com.st.stm32cube.ide.mcu.externaltools.gnu-tools-for-stm32.12.3.rel1.win32_1.0.200.202406191623/tools/bin/../lib/gcc/arm-none-eabi/12.3.1/../../../../arm-none-eabi/lib/thumb/v7-m/nofp\libc_nano.a(libc_a-lock.o)
                0x08004b9a                __retarget_lock_release_recursive
 .text.memcpy   0x08004b9c       0x1c E:/dev/Embedded/STM32CubeIDE_1.16.0/STM32CubeIDE/plugins/com.st.stm32cube.ide.mcu.externaltools.gnu-tools-for-stm32.12.3.rel1.win32_1.0.200.202406191623/tools/bin/../lib/gcc/arm-none-eabi/12.3.1/../../../../arm-none-eabi/lib/thumb/v7-m/nofp\libc_nano.a(libc_a-memcpy-stub.o)
                0x08004b9c                memcpy
 .text._free_r  0x08004bb8       0x90 E:/dev/Embedded/STM32CubeIDE_1.16.0/STM32CubeIDE/plugins/com.st.stm32cube.ide.mcu.externaltools.gnu-tools-for-stm32.12.3.rel1.win32_1.0.200.202406191623/tools/bin/../lib/gcc/arm-none-eabi/12.3.1/../../../../arm-none-eabi/lib/thumb/v7-m/nofp\libc_nano.a(libc_a-freer.o)
                0x08004bb8                _free_r
 .text.sbrk_aligned
                0x08004c48       0x44 E:/dev/Embedded/STM32CubeIDE_1.16.0/STM32CubeIDE/plugins/com.st.stm32cube.ide.mcu.externaltools.gnu-tools-for-stm32.12.3.rel1.win32_1.0.200.202406191623/tools/bin/../lib/gcc/arm-none-eabi/12.3.1/../../../../arm-none-eabi/lib/thumb/v7-m/nofp\libc_nano.a(libc_a-mallocr.o)
 .text._malloc_r
                0x08004c8c      0x100 E:/dev/Embedded/STM32CubeIDE_1.16.0/STM32CubeIDE/plugins/com.st.stm32cube.ide.mcu.externaltools.gnu-tools-for-stm32.12.3.rel1.win32_1.0.200.202406191623/tools/bin/../lib/gcc/arm-none-eabi/12.3.1/../../../../arm-none-eabi/lib/thumb/v7-m/nofp\libc_nano.a(libc_a-mallocr.o)
                0x08004c8c                _malloc_r
 .text.__malloc_lock
                0x08004d8c        0xc E:/dev/Embedded/STM32CubeIDE_1.16.0/STM32CubeIDE/plugins/com.st.stm32cube.ide.mcu.externaltools.gnu-tools-for-stm32.12.3.rel1.win32_1.0.200.202406191623/tools/bin/../lib/gcc/arm-none-eabi/12.3.1/../../../../arm-none-eabi/lib/thumb/v7-m/nofp\libc_nano.a(libc_a-mlock.o)
                0x08004d8c                __malloc_lock
 .text.__malloc_unlock
                0x08004d98        0xc E:/dev/Embedded/STM32CubeIDE_1.16.0/STM32CubeIDE/plugins/com.st.stm32cube.ide.mcu.externaltools.gnu-tools-for-stm32.12.3.rel1.win32_1.0.200.202406191623/tools/bin/../lib/gcc/arm-none-eabi/12.3.1/../../../../arm-none-eabi/lib/thumb/v7-m/nofp\libc_nano.a(libc_a-mlock.o)
                0x08004d98                __malloc_unlock
 .text.__ssputs_r
                0x08004da4       0xb6 E:/dev/Embedded/STM32CubeIDE_1.16.0/STM32CubeIDE/plugins/com.st.stm32cube.ide.mcu.externaltools.gnu-tools-for-stm32.12.3.rel1.win32_1.0.200.202406191623/tools/bin/../lib/gcc/arm-none-eabi/12.3.1/../../../../arm-none-eabi/lib/thumb/v7-m/nofp\libc_nano.a(libc_a-nano-svfprintf.o)
                0x08004da4                __ssputs_r
 *fill*         0x08004e5a        0x2 
 .text._svfprintf_r
                0x08004e5c      0x1f8 E:/dev/Embedded/STM32CubeIDE_1.16.0/STM32CubeIDE/plugins/com.st.stm32cube.ide.mcu.externaltools.gnu-tools-for-stm32.12.3.rel1.win32_1.0.200.202406191623/tools/bin/../lib/gcc/arm-none-eabi/12.3.1/../../../../arm-none-eabi/lib/thumb/v7-m/nofp\libc_nano.a(libc_a-nano-svfprintf.o)
                0x08004e5c                _svfiprintf_r
                0x08004e5c                _svfprintf_r
 .text._printf_common
                0x08005054       0xe4 E:/dev/Embedded/STM32CubeIDE_1.16.0/STM32CubeIDE/plugins/com.st.stm32cube.ide.mcu.externaltools.gnu-tools-for-stm32.12.3.rel1.win32_1.0.200.202406191623/tools/bin/../lib/gcc/arm-none-eabi/12.3.1/../../../../arm-none-eabi/lib/thumb/v7-m/nofp\libc_nano.a(libc_a-nano-vfprintf_i.o)
                0x08005054                _printf_common
 .text._printf_i
                0x08005138      0x240 E:/dev/Embedded/STM32CubeIDE_1.16.0/STM32CubeIDE/plugins/com.st.stm32cube.ide.mcu.externaltools.gnu-tools-for-stm32.12.3.rel1.win32_1.0.200.202406191623/tools/bin/../lib/gcc/arm-none-eabi/12.3.1/../../../../arm-none-eabi/lib/thumb/v7-m/nofp\libc_nano.a(libc_a-nano-vfprintf_i.o)
                0x08005138                _printf_i
 .text.memmove  0x08005378       0x34 E:/dev/Embedded/STM32CubeIDE_1.16.0/STM32CubeIDE/plugins/com.st.stm32cube.ide.mcu.externaltools.gnu-tools-for-stm32.12.3.rel1.win32_1.0.200.202406191623/tools/bin/../lib/gcc/arm-none-eabi/12.3.1/../../../../arm-none-eabi/lib/thumb/v7-m/nofp\libc_nano.a(libc_a-memmove.o)
                0x08005378                memmove
 .text._sbrk_r  0x080053ac       0x20 E:/dev/Embedded/STM32CubeIDE_1.16.0/STM32CubeIDE/plugins/com.st.stm32cube.ide.mcu.externaltools.gnu-tools-for-stm32.12.3.rel1.win32_1.0.200.202406191623/tools/bin/../lib/gcc/arm-none-eabi/12.3.1/../../../../arm-none-eabi/lib/thumb/v7-m/nofp\libc_nano.a(libc_a-sbrkr.o)
                0x080053ac                _sbrk_r
 .text.memchr   0x080053cc       0x1c E:/dev/Embedded/STM32CubeIDE_1.16.0/STM32CubeIDE/plugins/com.st.stm32cube.ide.mcu.externaltools.gnu-tools-for-stm32.12.3.rel1.win32_1.0.200.202406191623/tools/bin/../lib/gcc/arm-none-eabi/12.3.1/../../../../arm-none-eabi/lib/thumb/v7-m/nofp\libc_nano.a(libc_a-memchr-stub.o)
                0x080053cc                memchr
 .text._realloc_r
                0x080053e8       0x5c E:/dev/Embedded/STM32CubeIDE_1.16.0/STM32CubeIDE/plugins/com.st.stm32cube.ide.mcu.externaltools.gnu-tools-for-stm32.12.3.rel1.win32_1.0.200.202406191623/tools/bin/../lib/gcc/arm-none-eabi/12.3.1/../../../../arm-none-eabi/lib/thumb/v7-m/nofp\libc_nano.a(libc_a-reallocr.o)
                0x080053e8                _realloc_r
 .text._malloc_usable_size_r
                0x08005444       0x10 E:/dev/Embedded/STM32CubeIDE_1.16.0/STM32CubeIDE/plugins/com.st.stm32cube.ide.mcu.externaltools.gnu-tools-for-stm32.12.3.rel1.win32_1.0.200.202406191623/tools/bin/../lib/gcc/arm-none-eabi/12.3.1/../../../../arm-none-eabi/lib/thumb/v7-m/nofp\libc_nano.a(libc_a-msizer.o)
                0x08005444                _malloc_usable_size_r
 *(.glue_7)
 .glue_7        0x08005454        0x0 linker stubs
 *(.glue_7t)
 .glue_7t       0x08005454        0x0 linker stubs
 *(.eh_frame)
 .eh_frame      0x08005454        0x0 E:/dev/Embedded/STM32CubeIDE_1.16.0/STM32CubeIDE/plugins/com.st.stm32cube.ide.mcu.externaltools.gnu-tools-for-stm32.12.3.rel1.win32_1.0.200.202406191623/tools/bin/../lib/gcc/arm-none-eabi/12.3.1/thumb/v7-m/nofp/crtbegin.o
 *(.init)
 .init          0x08005454        0x4 E:/dev/Embedded/STM32CubeIDE_1.16.0/STM32CubeIDE/plugins/com.st.stm32cube.ide.mcu.externaltools.gnu-tools-for-stm32.12.3.rel1.win32_1.0.200.202406191623/tools/bin/../lib/gcc/arm-none-eabi/12.3.1/thumb/v7-m/nofp/crti.o
                0x08005454                _init
 .init          0x08005458        0x8 E:/dev/Embedded/STM32CubeIDE_1.16.0/STM32CubeIDE/plugins/com.st.stm32cube.ide.mcu.externaltools.gnu-tools-for-stm32.12.3.rel1.win32_1.0.200.202406191623/tools/bin/../lib/gcc/arm-none-eabi/12.3.1/thumb/v7-m/nofp/crtn.o
 *(.fini)
 .fini          0x08005460        0x4 E:/dev/Embedded/STM32CubeIDE_1.16.0/STM32CubeIDE/plugins/com.st.stm32cube.ide.mcu.externaltools.gnu-tools-for-stm32.12.3.rel1.win32_1.0.200.202406191623/tools/bin/../lib/gcc/arm-none-eabi/12.3.1/thumb/v7-m/nofp/crti.o
                0x08005460                _fini
 .fini          0x08005464        0x8 E:/dev/Embedded/STM32CubeIDE_1.16.0/STM32CubeIDE/plugins/com.st.stm32cube.ide.mcu.externaltools.gnu-tools-for-stm32.12.3.rel1.win32_1.0.200.202406191623/tools/bin/../lib/gcc/arm-none-eabi/12.3.1/thumb/v7-m/nofp/crtn.o
                0x0800546c                        . = ALIGN (0x4)
                0x0800546c                        _etext = .

.vfp11_veneer   0x0800546c        0x0
 .vfp11_veneer  0x0800546c        0x0 linker stubs

.v4_bx          0x0800546c        0x0
 .v4_bx         0x0800546c        0x0 linker stubs

.iplt           0x0800546c        0x0
 .iplt          0x0800546c        0x0 E:/dev/Embedded/STM32CubeIDE_1.16.0/STM32CubeIDE/plugins/com.st.stm32cube.ide.mcu.externaltools.gnu-tools-for-stm32.12.3.rel1.win32_1.0.200.202406191623/tools/bin/../lib/gcc/arm-none-eabi/12.3.1/thumb/v7-m/nofp/crtbegin.o

.rodata         0x0800546c      0xf10
                0x0800546c                        . = ALIGN (0x4)
 *(.rodata)
 .rodata        0x0800546c       0x45 ./Core/Src/Dino.o
 *(.rodata*)
 *fill*         0x080054b1        0x3 
 .rodata.dino_crashedData
                0x080054b4       0x3f ./Core/Src/Dino.o
                0x080054b4                dino_crashedData
 *fill*         0x080054f3        0x1 
 .rodata.dino_crashedImg
                0x080054f4        0x8 ./Core/Src/Dino.o
                0x080054f4                dino_crashedImg
 .rodata.dino_front_legData
                0x080054fc       0x3f ./Core/Src/Dino.o
                0x080054fc                dino_front_legData
 *fill*         0x0800553b        0x1 
 .rodata.dino_front_legImg
                0x0800553c        0x8 ./Core/Src/Dino.o
                0x0800553c                dino_front_legImg
 .rodata.dino_back_legData
                0x08005544       0x3f ./Core/Src/Dino.o
                0x08005544                dino_back_legData
 *fill*         0x08005583        0x1 
 .rodata.dino_back_legImg
                0x08005584        0x8 ./Core/Src/Dino.o
                0x08005584                dino_back_legImg
 .rodata.dino_jumpsData
                0x0800558c       0x3f ./Core/Src/Dino.o
                0x0800558c                dino_jumpsData
 *fill*         0x080055cb        0x1 
 .rodata.dino_jumpsImg
                0x080055cc        0x8 ./Core/Src/Dino.o
                0x080055cc                dino_jumpsImg
 .rodata.tree_smallData
                0x080055d4        0xc ./Core/Src/Dino.o
                0x080055d4                tree_smallData
 .rodata.tree_smallImg
                0x080055e0        0x8 ./Core/Src/Dino.o
                0x080055e0                tree_smallImg
 .rodata.tree_bigData
                0x080055e8       0x24 ./Core/Src/Dino.o
                0x080055e8                tree_bigData
 .rodata.tree_bigImg
                0x0800560c        0x8 ./Core/Src/Dino.o
                0x0800560c                tree_bigImg
 .rodata.time_distance
                0x08005614       0x26 ./Core/Src/Dino.o
                0x08005614                time_distance
 *fill*         0x0800563a        0x2 
 .rodata.ascii_12x6
                0x0800563c      0x474 ./Core/Src/font.o
                0x0800563c                ascii_12x6
 .rodata.afont12x6
                0x08005ab0        0x8 ./Core/Src/font.o
                0x08005ab0                afont12x6
 .rodata.ascii_16x8
                0x08005ab8      0x5f0 ./Core/Src/font.o
                0x08005ab8                ascii_16x8
 .rodata.afont16x8
                0x080060a8        0x8 ./Core/Src/font.o
                0x080060a8                afont16x8
 .rodata.zh16x16
                0x080060b0       0xfc ./Core/Src/font.o
                0x080060b0                zh16x16
 .rodata.font16x16
                0x080061ac       0x10 ./Core/Src/font.o
                0x080061ac                font16x16
 .rodata.zh12x12
                0x080061bc      0x150 ./Core/Src/font.o
                0x080061bc                zh12x12
 .rodata.font12x12
                0x0800630c       0x10 ./Core/Src/font.o
                0x0800630c                font12x12
 .rodata.AHBPrescTable
                0x0800631c       0x10 ./Core/Src/system_stm32f1xx.o
                0x0800631c                AHBPrescTable
 .rodata.APBPrescTable
                0x0800632c        0x8 ./Core/Src/system_stm32f1xx.o
                0x0800632c                APBPrescTable
 .rodata.aPLLMULFactorTable.1
                0x08006334       0x10 ./Drivers/STM32F1xx_HAL_Driver/Src/stm32f1xx_hal_rcc.o
 .rodata.aPredivFactorTable.0
                0x08006344        0x2 ./Drivers/STM32F1xx_HAL_Driver/Src/stm32f1xx_hal_rcc.o
 .rodata._svfprintf_r.str1.1
                0x08006346       0x11 E:/dev/Embedded/STM32CubeIDE_1.16.0/STM32CubeIDE/plugins/com.st.stm32cube.ide.mcu.externaltools.gnu-tools-for-stm32.12.3.rel1.win32_1.0.200.202406191623/tools/bin/../lib/gcc/arm-none-eabi/12.3.1/../../../../arm-none-eabi/lib/thumb/v7-m/nofp\libc_nano.a(libc_a-nano-svfprintf.o)
 .rodata._printf_i.str1.1
                0x08006357       0x22 E:/dev/Embedded/STM32CubeIDE_1.16.0/STM32CubeIDE/plugins/com.st.stm32cube.ide.mcu.externaltools.gnu-tools-for-stm32.12.3.rel1.win32_1.0.200.202406191623/tools/bin/../lib/gcc/arm-none-eabi/12.3.1/../../../../arm-none-eabi/lib/thumb/v7-m/nofp\libc_nano.a(libc_a-nano-vfprintf_i.o)
                0x0800637c                        . = ALIGN (0x4)
 *fill*         0x08006379        0x3 

.rel.dyn        0x0800637c        0x0
 .rel.iplt      0x0800637c        0x0 E:/dev/Embedded/STM32CubeIDE_1.16.0/STM32CubeIDE/plugins/com.st.stm32cube.ide.mcu.externaltools.gnu-tools-for-stm32.12.3.rel1.win32_1.0.200.202406191623/tools/bin/../lib/gcc/arm-none-eabi/12.3.1/thumb/v7-m/nofp/crtbegin.o

.ARM.extab      0x0800637c        0x0
                0x0800637c                        . = ALIGN (0x4)
 *(.ARM.extab* .gnu.linkonce.armextab.*)
                0x0800637c                        . = ALIGN (0x4)

.ARM            0x0800637c        0x0
                0x0800637c                        . = ALIGN (0x4)
                0x0800637c                        __exidx_start = .
 *(.ARM.exidx*)
                0x0800637c                        __exidx_end = .
                0x0800637c                        . = ALIGN (0x4)

.preinit_array  0x0800637c        0x0
                0x0800637c                        . = ALIGN (0x4)
                0x0800637c                        PROVIDE (__preinit_array_start = .)
 *(.preinit_array*)
                0x0800637c                        PROVIDE (__preinit_array_end = .)
                0x0800637c                        . = ALIGN (0x4)

.init_array     0x0800637c        0x4
                0x0800637c                        . = ALIGN (0x4)
                0x0800637c                        PROVIDE (__init_array_start = .)
 *(SORT_BY_NAME(.init_array.*))
 *(.init_array*)
 .init_array    0x0800637c        0x4 E:/dev/Embedded/STM32CubeIDE_1.16.0/STM32CubeIDE/plugins/com.st.stm32cube.ide.mcu.externaltools.gnu-tools-for-stm32.12.3.rel1.win32_1.0.200.202406191623/tools/bin/../lib/gcc/arm-none-eabi/12.3.1/thumb/v7-m/nofp/crtbegin.o
                0x08006380                        PROVIDE (__init_array_end = .)
                0x08006380                        . = ALIGN (0x4)

.fini_array     0x08006380        0x4
                0x08006380                        . = ALIGN (0x4)
                [!provide]                        PROVIDE (__fini_array_start = .)
 *(SORT_BY_NAME(.fini_array.*))
 *(.fini_array*)
 .fini_array    0x08006380        0x4 E:/dev/Embedded/STM32CubeIDE_1.16.0/STM32CubeIDE/plugins/com.st.stm32cube.ide.mcu.externaltools.gnu-tools-for-stm32.12.3.rel1.win32_1.0.200.202406191623/tools/bin/../lib/gcc/arm-none-eabi/12.3.1/thumb/v7-m/nofp/crtbegin.o
                [!provide]                        PROVIDE (__fini_array_end = .)
                0x08006384                        . = ALIGN (0x4)
                0x08006384                        _sidata = LOADADDR (.data)

.data           0x20000000       0x5c load address 0x08006384
                0x20000000                        . = ALIGN (0x4)
                0x20000000                        _sdata = .
 *(.data)
 *(.data*)
 .data.SystemCoreClock
                0x20000000        0x4 ./Core/Src/system_stm32f1xx.o
                0x20000000                SystemCoreClock
 .data.uwTickPrio
                0x20000004        0x4 ./Drivers/STM32F1xx_HAL_Driver/Src/stm32f1xx_hal.o
                0x20000004                uwTickPrio
 .data.uwTickFreq
                0x20000008        0x1 ./Drivers/STM32F1xx_HAL_Driver/Src/stm32f1xx_hal.o
                0x20000008                uwTickFreq
 *fill*         0x20000009        0x3 
 .data._impure_ptr
                0x2000000c        0x4 E:/dev/Embedded/STM32CubeIDE_1.16.0/STM32CubeIDE/plugins/com.st.stm32cube.ide.mcu.externaltools.gnu-tools-for-stm32.12.3.rel1.win32_1.0.200.202406191623/tools/bin/../lib/gcc/arm-none-eabi/12.3.1/../../../../arm-none-eabi/lib/thumb/v7-m/nofp\libc_nano.a(libc_a-impure.o)
                0x2000000c                _impure_ptr
 .data._impure_data
                0x20000010       0x4c E:/dev/Embedded/STM32CubeIDE_1.16.0/STM32CubeIDE/plugins/com.st.stm32cube.ide.mcu.externaltools.gnu-tools-for-stm32.12.3.rel1.win32_1.0.200.202406191623/tools/bin/../lib/gcc/arm-none-eabi/12.3.1/../../../../arm-none-eabi/lib/thumb/v7-m/nofp\libc_nano.a(libc_a-impure.o)
                0x20000010                _impure_data
 *(.RamFunc)
 *(.RamFunc*)
                0x2000005c                        . = ALIGN (0x4)
                0x2000005c                        _edata = .

.igot.plt       0x2000005c        0x0 load address 0x080063e0
 .igot.plt      0x2000005c        0x0 E:/dev/Embedded/STM32CubeIDE_1.16.0/STM32CubeIDE/plugins/com.st.stm32cube.ide.mcu.externaltools.gnu-tools-for-stm32.12.3.rel1.win32_1.0.200.202406191623/tools/bin/../lib/gcc/arm-none-eabi/12.3.1/thumb/v7-m/nofp/crtbegin.o
                0x2000005c                        . = ALIGN (0x4)

.bss            0x2000005c      0x6e4 load address 0x080063e0
                0x2000005c                        _sbss = .
                0x2000005c                        __bss_start__ = _sbss
 *(.bss)
 .bss           0x2000005c       0x1c E:/dev/Embedded/STM32CubeIDE_1.16.0/STM32CubeIDE/plugins/com.st.stm32cube.ide.mcu.externaltools.gnu-tools-for-stm32.12.3.rel1.win32_1.0.200.202406191623/tools/bin/../lib/gcc/arm-none-eabi/12.3.1/thumb/v7-m/nofp/crtbegin.o
 *(.bss*)
 .bss.highest_score
                0x20000078        0x4 ./Core/Src/Dino.o
                0x20000078                highest_score
 .bss.tmp.2     0x2000007c        0xf ./Core/Src/Dino.o
 *fill*         0x2000008b        0x1 
 .bss.interval.1
                0x2000008c        0x2 ./Core/Src/Dino.o
 *fill*         0x2000008e        0x2 
 .bss.hi2c1     0x20000090       0x54 ./Core/Src/i2c.o
                0x20000090                hi2c1
 .bss.hdma_i2c1_rx
                0x200000e4       0x44 ./Core/Src/i2c.o
                0x200000e4                hdma_i2c1_rx
 .bss.hdma_i2c1_tx
                0x20000128       0x44 ./Core/Src/i2c.o
                0x20000128                hdma_i2c1_tx
 .bss.OLED_GRAM
                0x2000016c      0x400 ./Core/Src/oled.o
                0x2000016c                OLED_GRAM
 .bss.send_buf.2
                0x2000056c       0x81 ./Core/Src/oled.o
 .bss.temp.1    0x200005ed        0x1 ./Core/Src/oled.o
 .bss.temp.0    0x200005ee        0x1 ./Core/Src/oled.o
 *fill*         0x200005ef        0x1 
 .bss.__sbrk_heap_end
                0x200005f0        0x4 ./Core/Src/sysmem.o
 .bss.uwTick    0x200005f4        0x4 ./Drivers/STM32F1xx_HAL_Driver/Src/stm32f1xx_hal.o
                0x200005f4                uwTick
 .bss.__sf      0x200005f8      0x138 E:/dev/Embedded/STM32CubeIDE_1.16.0/STM32CubeIDE/plugins/com.st.stm32cube.ide.mcu.externaltools.gnu-tools-for-stm32.12.3.rel1.win32_1.0.200.202406191623/tools/bin/../lib/gcc/arm-none-eabi/12.3.1/../../../../arm-none-eabi/lib/thumb/v7-m/nofp\libc_nano.a(libc_a-findfp.o)
                0x200005f8                __sf
 .bss.errno     0x20000730        0x4 E:/dev/Embedded/STM32CubeIDE_1.16.0/STM32CubeIDE/plugins/com.st.stm32cube.ide.mcu.externaltools.gnu-tools-for-stm32.12.3.rel1.win32_1.0.200.202406191623/tools/bin/../lib/gcc/arm-none-eabi/12.3.1/../../../../arm-none-eabi/lib/thumb/v7-m/nofp\libc_nano.a(libc_a-reent.o)
                0x20000730                errno
 .bss.__lock___malloc_recursive_mutex
                0x20000734        0x1 E:/dev/Embedded/STM32CubeIDE_1.16.0/STM32CubeIDE/plugins/com.st.stm32cube.ide.mcu.externaltools.gnu-tools-for-stm32.12.3.rel1.win32_1.0.200.202406191623/tools/bin/../lib/gcc/arm-none-eabi/12.3.1/../../../../arm-none-eabi/lib/thumb/v7-m/nofp\libc_nano.a(libc_a-lock.o)
                0x20000734                __lock___malloc_recursive_mutex
 *fill*         0x20000735        0x3 
 .bss.__malloc_sbrk_start
                0x20000738        0x4 E:/dev/Embedded/STM32CubeIDE_1.16.0/STM32CubeIDE/plugins/com.st.stm32cube.ide.mcu.externaltools.gnu-tools-for-stm32.12.3.rel1.win32_1.0.200.202406191623/tools/bin/../lib/gcc/arm-none-eabi/12.3.1/../../../../arm-none-eabi/lib/thumb/v7-m/nofp\libc_nano.a(libc_a-mallocr.o)
                0x20000738                __malloc_sbrk_start
 .bss.__malloc_free_list
                0x2000073c        0x4 E:/dev/Embedded/STM32CubeIDE_1.16.0/STM32CubeIDE/plugins/com.st.stm32cube.ide.mcu.externaltools.gnu-tools-for-stm32.12.3.rel1.win32_1.0.200.202406191623/tools/bin/../lib/gcc/arm-none-eabi/12.3.1/../../../../arm-none-eabi/lib/thumb/v7-m/nofp\libc_nano.a(libc_a-mallocr.o)
                0x2000073c                __malloc_free_list
 *(COMMON)
                0x20000740                        . = ALIGN (0x4)
                0x20000740                        _ebss = .
                0x20000740                        __bss_end__ = _ebss

._user_heap_stack
                0x20000740      0x600 load address 0x080063e0
                0x20000740                        . = ALIGN (0x8)
                [!provide]                        PROVIDE (end = .)
                0x20000740                        PROVIDE (_end = .)
                0x20000940                        . = (. + _Min_Heap_Size)
 *fill*         0x20000740      0x200 
                0x20000d40                        . = (. + _Min_Stack_Size)
 *fill*         0x20000940      0x400 
                0x20000d40                        . = ALIGN (0x8)

/DISCARD/
 libc.a(*)
 libm.a(*)
 libgcc.a(*)

.ARM.attributes
                0x00000000       0x29
 *(.ARM.attributes)
 .ARM.attributes
                0x00000000       0x1d E:/dev/Embedded/STM32CubeIDE_1.16.0/STM32CubeIDE/plugins/com.st.stm32cube.ide.mcu.externaltools.gnu-tools-for-stm32.12.3.rel1.win32_1.0.200.202406191623/tools/bin/../lib/gcc/arm-none-eabi/12.3.1/thumb/v7-m/nofp/crti.o
 .ARM.attributes
                0x0000001d       0x2d E:/dev/Embedded/STM32CubeIDE_1.16.0/STM32CubeIDE/plugins/com.st.stm32cube.ide.mcu.externaltools.gnu-tools-for-stm32.12.3.rel1.win32_1.0.200.202406191623/tools/bin/../lib/gcc/arm-none-eabi/12.3.1/thumb/v7-m/nofp/crtbegin.o
 .ARM.attributes
                0x0000004a       0x2d ./Core/Src/Dino.o
 .ARM.attributes
                0x00000077       0x2d ./Core/Src/dma.o
 .ARM.attributes
                0x000000a4       0x2d ./Core/Src/font.o
 .ARM.attributes
                0x000000d1       0x2d ./Core/Src/gpio.o
 .ARM.attributes
                0x000000fe       0x2d ./Core/Src/i2c.o
 .ARM.attributes
                0x0000012b       0x2d ./Core/Src/main.o
 .ARM.attributes
                0x00000158       0x2d ./Core/Src/oled.o
 .ARM.attributes
                0x00000185       0x2d ./Core/Src/stm32f1xx_hal_msp.o
 .ARM.attributes
                0x000001b2       0x2d ./Core/Src/stm32f1xx_it.o
 .ARM.attributes
                0x000001df       0x2d ./Core/Src/sysmem.o
 .ARM.attributes
                0x0000020c       0x2d ./Core/Src/system_stm32f1xx.o
 .ARM.attributes
                0x00000239       0x21 ./Core/Startup/startup_stm32f103c8tx.o
 .ARM.attributes
                0x0000025a       0x2d ./Drivers/STM32F1xx_HAL_Driver/Src/stm32f1xx_hal.o
 .ARM.attributes
                0x00000287       0x2d ./Drivers/STM32F1xx_HAL_Driver/Src/stm32f1xx_hal_cortex.o
 .ARM.attributes
                0x000002b4       0x2d ./Drivers/STM32F1xx_HAL_Driver/Src/stm32f1xx_hal_dma.o
 .ARM.attributes
                0x000002e1       0x2d ./Drivers/STM32F1xx_HAL_Driver/Src/stm32f1xx_hal_gpio.o
 .ARM.attributes
                0x0000030e       0x2d ./Drivers/STM32F1xx_HAL_Driver/Src/stm32f1xx_hal_i2c.o
 .ARM.attributes
                0x0000033b       0x2d ./Drivers/STM32F1xx_HAL_Driver/Src/stm32f1xx_hal_rcc.o
 .ARM.attributes
                0x00000368       0x2d E:/dev/Embedded/STM32CubeIDE_1.16.0/STM32CubeIDE/plugins/com.st.stm32cube.ide.mcu.externaltools.gnu-tools-for-stm32.12.3.rel1.win32_1.0.200.202406191623/tools/bin/../lib/gcc/arm-none-eabi/12.3.1/../../../../arm-none-eabi/lib/thumb/v7-m/nofp\libc_nano.a(libc_a-findfp.o)
 .ARM.attributes
                0x00000395       0x2d E:/dev/Embedded/STM32CubeIDE_1.16.0/STM32CubeIDE/plugins/com.st.stm32cube.ide.mcu.externaltools.gnu-tools-for-stm32.12.3.rel1.win32_1.0.200.202406191623/tools/bin/../lib/gcc/arm-none-eabi/12.3.1/../../../../arm-none-eabi/lib/thumb/v7-m/nofp\libc_nano.a(libc_a-sprintf.o)
 .ARM.attributes
                0x000003c2       0x2d E:/dev/Embedded/STM32CubeIDE_1.16.0/STM32CubeIDE/plugins/com.st.stm32cube.ide.mcu.externaltools.gnu-tools-for-stm32.12.3.rel1.win32_1.0.200.202406191623/tools/bin/../lib/gcc/arm-none-eabi/12.3.1/../../../../arm-none-eabi/lib/thumb/v7-m/nofp\libc_nano.a(libc_a-memcmp.o)
 .ARM.attributes
                0x000003ef       0x2d E:/dev/Embedded/STM32CubeIDE_1.16.0/STM32CubeIDE/plugins/com.st.stm32cube.ide.mcu.externaltools.gnu-tools-for-stm32.12.3.rel1.win32_1.0.200.202406191623/tools/bin/../lib/gcc/arm-none-eabi/12.3.1/../../../../arm-none-eabi/lib/thumb/v7-m/nofp\libc_nano.a(libc_a-memset.o)
 .ARM.attributes
                0x0000041c       0x2d E:/dev/Embedded/STM32CubeIDE_1.16.0/STM32CubeIDE/plugins/com.st.stm32cube.ide.mcu.externaltools.gnu-tools-for-stm32.12.3.rel1.win32_1.0.200.202406191623/tools/bin/../lib/gcc/arm-none-eabi/12.3.1/../../../../arm-none-eabi/lib/thumb/v7-m/nofp\libc_nano.a(libc_a-reent.o)
 .ARM.attributes
                0x00000449       0x2d E:/dev/Embedded/STM32CubeIDE_1.16.0/STM32CubeIDE/plugins/com.st.stm32cube.ide.mcu.externaltools.gnu-tools-for-stm32.12.3.rel1.win32_1.0.200.202406191623/tools/bin/../lib/gcc/arm-none-eabi/12.3.1/../../../../arm-none-eabi/lib/thumb/v7-m/nofp\libc_nano.a(libc_a-impure.o)
 .ARM.attributes
                0x00000476       0x2d E:/dev/Embedded/STM32CubeIDE_1.16.0/STM32CubeIDE/plugins/com.st.stm32cube.ide.mcu.externaltools.gnu-tools-for-stm32.12.3.rel1.win32_1.0.200.202406191623/tools/bin/../lib/gcc/arm-none-eabi/12.3.1/../../../../arm-none-eabi/lib/thumb/v7-m/nofp\libc_nano.a(libc_a-errno.o)
 .ARM.attributes
                0x000004a3       0x2d E:/dev/Embedded/STM32CubeIDE_1.16.0/STM32CubeIDE/plugins/com.st.stm32cube.ide.mcu.externaltools.gnu-tools-for-stm32.12.3.rel1.win32_1.0.200.202406191623/tools/bin/../lib/gcc/arm-none-eabi/12.3.1/../../../../arm-none-eabi/lib/thumb/v7-m/nofp\libc_nano.a(libc_a-init.o)
 .ARM.attributes
                0x000004d0       0x2d E:/dev/Embedded/STM32CubeIDE_1.16.0/STM32CubeIDE/plugins/com.st.stm32cube.ide.mcu.externaltools.gnu-tools-for-stm32.12.3.rel1.win32_1.0.200.202406191623/tools/bin/../lib/gcc/arm-none-eabi/12.3.1/../../../../arm-none-eabi/lib/thumb/v7-m/nofp\libc_nano.a(libc_a-lock.o)
 .ARM.attributes
                0x000004fd       0x2d E:/dev/Embedded/STM32CubeIDE_1.16.0/STM32CubeIDE/plugins/com.st.stm32cube.ide.mcu.externaltools.gnu-tools-for-stm32.12.3.rel1.win32_1.0.200.202406191623/tools/bin/../lib/gcc/arm-none-eabi/12.3.1/../../../../arm-none-eabi/lib/thumb/v7-m/nofp\libc_nano.a(libc_a-memcpy-stub.o)
 .ARM.attributes
                0x0000052a       0x2d E:/dev/Embedded/STM32CubeIDE_1.16.0/STM32CubeIDE/plugins/com.st.stm32cube.ide.mcu.externaltools.gnu-tools-for-stm32.12.3.rel1.win32_1.0.200.202406191623/tools/bin/../lib/gcc/arm-none-eabi/12.3.1/../../../../arm-none-eabi/lib/thumb/v7-m/nofp\libc_nano.a(libc_a-freer.o)
 .ARM.attributes
                0x00000557       0x2d E:/dev/Embedded/STM32CubeIDE_1.16.0/STM32CubeIDE/plugins/com.st.stm32cube.ide.mcu.externaltools.gnu-tools-for-stm32.12.3.rel1.win32_1.0.200.202406191623/tools/bin/../lib/gcc/arm-none-eabi/12.3.1/../../../../arm-none-eabi/lib/thumb/v7-m/nofp\libc_nano.a(libc_a-mallocr.o)
 .ARM.attributes
                0x00000584       0x2d E:/dev/Embedded/STM32CubeIDE_1.16.0/STM32CubeIDE/plugins/com.st.stm32cube.ide.mcu.externaltools.gnu-tools-for-stm32.12.3.rel1.win32_1.0.200.202406191623/tools/bin/../lib/gcc/arm-none-eabi/12.3.1/../../../../arm-none-eabi/lib/thumb/v7-m/nofp\libc_nano.a(libc_a-mlock.o)
 .ARM.attributes
                0x000005b1       0x2d E:/dev/Embedded/STM32CubeIDE_1.16.0/STM32CubeIDE/plugins/com.st.stm32cube.ide.mcu.externaltools.gnu-tools-for-stm32.12.3.rel1.win32_1.0.200.202406191623/tools/bin/../lib/gcc/arm-none-eabi/12.3.1/../../../../arm-none-eabi/lib/thumb/v7-m/nofp\libc_nano.a(libc_a-nano-svfprintf.o)
 .ARM.attributes
                0x000005de       0x2d E:/dev/Embedded/STM32CubeIDE_1.16.0/STM32CubeIDE/plugins/com.st.stm32cube.ide.mcu.externaltools.gnu-tools-for-stm32.12.3.rel1.win32_1.0.200.202406191623/tools/bin/../lib/gcc/arm-none-eabi/12.3.1/../../../../arm-none-eabi/lib/thumb/v7-m/nofp\libc_nano.a(libc_a-nano-vfprintf_i.o)
 .ARM.attributes
                0x0000060b       0x2d E:/dev/Embedded/STM32CubeIDE_1.16.0/STM32CubeIDE/plugins/com.st.stm32cube.ide.mcu.externaltools.gnu-tools-for-stm32.12.3.rel1.win32_1.0.200.202406191623/tools/bin/../lib/gcc/arm-none-eabi/12.3.1/../../../../arm-none-eabi/lib/thumb/v7-m/nofp\libc_nano.a(libc_a-memmove.o)
 .ARM.attributes
                0x00000638       0x2d E:/dev/Embedded/STM32CubeIDE_1.16.0/STM32CubeIDE/plugins/com.st.stm32cube.ide.mcu.externaltools.gnu-tools-for-stm32.12.3.rel1.win32_1.0.200.202406191623/tools/bin/../lib/gcc/arm-none-eabi/12.3.1/../../../../arm-none-eabi/lib/thumb/v7-m/nofp\libc_nano.a(libc_a-sbrkr.o)
 .ARM.attributes
                0x00000665       0x2d E:/dev/Embedded/STM32CubeIDE_1.16.0/STM32CubeIDE/plugins/com.st.stm32cube.ide.mcu.externaltools.gnu-tools-for-stm32.12.3.rel1.win32_1.0.200.202406191623/tools/bin/../lib/gcc/arm-none-eabi/12.3.1/../../../../arm-none-eabi/lib/thumb/v7-m/nofp\libc_nano.a(libc_a-memchr-stub.o)
 .ARM.attributes
                0x00000692       0x2d E:/dev/Embedded/STM32CubeIDE_1.16.0/STM32CubeIDE/plugins/com.st.stm32cube.ide.mcu.externaltools.gnu-tools-for-stm32.12.3.rel1.win32_1.0.200.202406191623/tools/bin/../lib/gcc/arm-none-eabi/12.3.1/../../../../arm-none-eabi/lib/thumb/v7-m/nofp\libc_nano.a(libc_a-reallocr.o)
 .ARM.attributes
                0x000006bf       0x2d E:/dev/Embedded/STM32CubeIDE_1.16.0/STM32CubeIDE/plugins/com.st.stm32cube.ide.mcu.externaltools.gnu-tools-for-stm32.12.3.rel1.win32_1.0.200.202406191623/tools/bin/../lib/gcc/arm-none-eabi/12.3.1/../../../../arm-none-eabi/lib/thumb/v7-m/nofp\libc_nano.a(libc_a-msizer.o)
 .ARM.attributes
                0x000006ec       0x1d E:/dev/Embedded/STM32CubeIDE_1.16.0/STM32CubeIDE/plugins/com.st.stm32cube.ide.mcu.externaltools.gnu-tools-for-stm32.12.3.rel1.win32_1.0.200.202406191623/tools/bin/../lib/gcc/arm-none-eabi/12.3.1/thumb/v7-m/nofp/crtn.o
OUTPUT(Game_Console.elf elf32-littlearm)
LOAD linker stubs
LOAD E:/dev/Embedded/STM32CubeIDE_1.16.0/STM32CubeIDE/plugins/com.st.stm32cube.ide.mcu.externaltools.gnu-tools-for-stm32.12.3.rel1.win32_1.0.200.202406191623/tools/bin/../lib/gcc/arm-none-eabi/12.3.1/../../../../arm-none-eabi/lib/thumb/v7-m/nofp\libc.a
LOAD E:/dev/Embedded/STM32CubeIDE_1.16.0/STM32CubeIDE/plugins/com.st.stm32cube.ide.mcu.externaltools.gnu-tools-for-stm32.12.3.rel1.win32_1.0.200.202406191623/tools/bin/../lib/gcc/arm-none-eabi/12.3.1/../../../../arm-none-eabi/lib/thumb/v7-m/nofp\libm.a
LOAD E:/dev/Embedded/STM32CubeIDE_1.16.0/STM32CubeIDE/plugins/com.st.stm32cube.ide.mcu.externaltools.gnu-tools-for-stm32.12.3.rel1.win32_1.0.200.202406191623/tools/bin/../lib/gcc/arm-none-eabi/12.3.1/thumb/v7-m/nofp\libgcc.a

.debug_info     0x00000000     0x83f9
 .debug_info    0x00000000      0x6a6 ./Core/Src/Dino.o
 .debug_info    0x000006a6      0x2cf ./Core/Src/dma.o
 .debug_info    0x00000975      0x2b6 ./Core/Src/font.o
 .debug_info    0x00000c2b      0x276 ./Core/Src/gpio.o
 .debug_info    0x00000ea1      0x9c1 ./Core/Src/i2c.o
 .debug_info    0x00001862      0x3c7 ./Core/Src/main.o
 .debug_info    0x00001c29     0x1087 ./Core/Src/oled.o
 .debug_info    0x00002cb0      0x1f1 ./Core/Src/stm32f1xx_hal_msp.o
 .debug_info    0x00002ea1      0x69d ./Core/Src/stm32f1xx_it.o
 .debug_info    0x0000353e      0x168 ./Core/Src/sysmem.o
 .debug_info    0x000036a6      0x222 ./Core/Src/system_stm32f1xx.o
 .debug_info    0x000038c8       0x30 ./Core/Startup/startup_stm32f103c8tx.o
 .debug_info    0x000038f8      0x704 ./Drivers/STM32F1xx_HAL_Driver/Src/stm32f1xx_hal.o
 .debug_info    0x00003ffc      0xa87 ./Drivers/STM32F1xx_HAL_Driver/Src/stm32f1xx_hal_cortex.o
 .debug_info    0x00004a83      0x6d2 ./Drivers/STM32F1xx_HAL_Driver/Src/stm32f1xx_hal_dma.o
 .debug_info    0x00005155      0x5ab ./Drivers/STM32F1xx_HAL_Driver/Src/stm32f1xx_hal_gpio.o
 .debug_info    0x00005700     0x2524 ./Drivers/STM32F1xx_HAL_Driver/Src/stm32f1xx_hal_i2c.o
 .debug_info    0x00007c24      0x7d5 ./Drivers/STM32F1xx_HAL_Driver/Src/stm32f1xx_hal_rcc.o

.debug_abbrev   0x00000000     0x1ebf
 .debug_abbrev  0x00000000      0x22d ./Core/Src/Dino.o
 .debug_abbrev  0x0000022d       0xfc ./Core/Src/dma.o
 .debug_abbrev  0x00000329       0xf0 ./Core/Src/font.o
 .debug_abbrev  0x00000419      0x122 ./Core/Src/gpio.o
 .debug_abbrev  0x0000053b      0x213 ./Core/Src/i2c.o
 .debug_abbrev  0x0000074e      0x1f7 ./Core/Src/main.o
 .debug_abbrev  0x00000945      0x2ec ./Core/Src/oled.o
 .debug_abbrev  0x00000c31       0xdb ./Core/Src/stm32f1xx_hal_msp.o
 .debug_abbrev  0x00000d0c      0x170 ./Core/Src/stm32f1xx_it.o
 .debug_abbrev  0x00000e7c       0xbc ./Core/Src/sysmem.o
 .debug_abbrev  0x00000f38      0x13f ./Core/Src/system_stm32f1xx.o
 .debug_abbrev  0x00001077       0x24 ./Core/Startup/startup_stm32f103c8tx.o
 .debug_abbrev  0x0000109b      0x201 ./Drivers/STM32F1xx_HAL_Driver/Src/stm32f1xx_hal.o
 .debug_abbrev  0x0000129c      0x2f8 ./Drivers/STM32F1xx_HAL_Driver/Src/stm32f1xx_hal_cortex.o
 .debug_abbrev  0x00001594      0x20b ./Drivers/STM32F1xx_HAL_Driver/Src/stm32f1xx_hal_dma.o
 .debug_abbrev  0x0000179f      0x1ca ./Drivers/STM32F1xx_HAL_Driver/Src/stm32f1xx_hal_gpio.o
 .debug_abbrev  0x00001969      0x2a3 ./Drivers/STM32F1xx_HAL_Driver/Src/stm32f1xx_hal_i2c.o
 .debug_abbrev  0x00001c0c      0x2b3 ./Drivers/STM32F1xx_HAL_Driver/Src/stm32f1xx_hal_rcc.o

.debug_aranges  0x00000000      0x8d8
 .debug_aranges
                0x00000000       0x48 ./Core/Src/Dino.o
 .debug_aranges
                0x00000048       0x20 ./Core/Src/dma.o
 .debug_aranges
                0x00000068       0x18 ./Core/Src/font.o
 .debug_aranges
                0x00000080       0x20 ./Core/Src/gpio.o
 .debug_aranges
                0x000000a0       0x30 ./Core/Src/i2c.o
 .debug_aranges
                0x000000d0       0x30 ./Core/Src/main.o
 .debug_aranges
                0x00000100       0xd8 ./Core/Src/oled.o
 .debug_aranges
                0x000001d8       0x20 ./Core/Src/stm32f1xx_hal_msp.o
 .debug_aranges
                0x000001f8       0x80 ./Core/Src/stm32f1xx_it.o
 .debug_aranges
                0x00000278       0x20 ./Core/Src/sysmem.o
 .debug_aranges
                0x00000298       0x28 ./Core/Src/system_stm32f1xx.o
 .debug_aranges
                0x000002c0       0x28 ./Core/Startup/startup_stm32f103c8tx.o
 .debug_aranges
                0x000002e8       0xe0 ./Drivers/STM32F1xx_HAL_Driver/Src/stm32f1xx_hal.o
 .debug_aranges
                0x000003c8      0x100 ./Drivers/STM32F1xx_HAL_Driver/Src/stm32f1xx_hal_cortex.o
 .debug_aranges
                0x000004c8       0x80 ./Drivers/STM32F1xx_HAL_Driver/Src/stm32f1xx_hal_dma.o
 .debug_aranges
                0x00000548       0x58 ./Drivers/STM32F1xx_HAL_Driver/Src/stm32f1xx_hal_gpio.o
 .debug_aranges
                0x000005a0      0x2a8 ./Drivers/STM32F1xx_HAL_Driver/Src/stm32f1xx_hal_i2c.o
 .debug_aranges
                0x00000848       0x90 ./Drivers/STM32F1xx_HAL_Driver/Src/stm32f1xx_hal_rcc.o

.debug_rnglists
                0x00000000      0x6af
 .debug_rnglists
                0x00000000       0x34 ./Core/Src/Dino.o
 .debug_rnglists
                0x00000034       0x13 ./Core/Src/dma.o
 .debug_rnglists
                0x00000047       0x14 ./Core/Src/gpio.o
 .debug_rnglists
                0x0000005b       0x20 ./Core/Src/i2c.o
 .debug_rnglists
                0x0000007b       0x20 ./Core/Src/main.o
 .debug_rnglists
                0x0000009b       0xb7 ./Core/Src/oled.o
 .debug_rnglists
                0x00000152       0x13 ./Core/Src/stm32f1xx_hal_msp.o
 .debug_rnglists
                0x00000165       0x5b ./Core/Src/stm32f1xx_it.o
 .debug_rnglists
                0x000001c0       0x13 ./Core/Src/sysmem.o
 .debug_rnglists
                0x000001d3       0x1a ./Core/Src/system_stm32f1xx.o
 .debug_rnglists
                0x000001ed       0x19 ./Core/Startup/startup_stm32f103c8tx.o
 .debug_rnglists
                0x00000206       0xa3 ./Drivers/STM32F1xx_HAL_Driver/Src/stm32f1xx_hal.o
 .debug_rnglists
                0x000002a9       0xbb ./Drivers/STM32F1xx_HAL_Driver/Src/stm32f1xx_hal_cortex.o
 .debug_rnglists
                0x00000364       0x64 ./Drivers/STM32F1xx_HAL_Driver/Src/stm32f1xx_hal_dma.o
 .debug_rnglists
                0x000003c8       0x3f ./Drivers/STM32F1xx_HAL_Driver/Src/stm32f1xx_hal_gpio.o
 .debug_rnglists
                0x00000407      0x23c ./Drivers/STM32F1xx_HAL_Driver/Src/stm32f1xx_hal_i2c.o
 .debug_rnglists
                0x00000643       0x6c ./Drivers/STM32F1xx_HAL_Driver/Src/stm32f1xx_hal_rcc.o

.debug_macro    0x00000000    0x17c02
 .debug_macro   0x00000000      0x323 ./Core/Src/Dino.o
 .debug_macro   0x00000323      0xaa8 ./Core/Src/Dino.o
 .debug_macro   0x00000dcb      0x21b ./Core/Src/Dino.o
 .debug_macro   0x00000fe6       0x2e ./Core/Src/Dino.o
 .debug_macro   0x00001014       0x22 ./Core/Src/Dino.o
 .debug_macro   0x00001036       0x22 ./Core/Src/Dino.o
 .debug_macro   0x00001058       0x8e ./Core/Src/Dino.o
 .debug_macro   0x000010e6       0x51 ./Core/Src/Dino.o
 .debug_macro   0x00001137      0x103 ./Core/Src/Dino.o
 .debug_macro   0x0000123a       0x6a ./Core/Src/Dino.o
 .debug_macro   0x000012a4      0x1df ./Core/Src/Dino.o
 .debug_macro   0x00001483       0x1c ./Core/Src/Dino.o
 .debug_macro   0x0000149f       0x22 ./Core/Src/Dino.o
 .debug_macro   0x000014c1       0xbd ./Core/Src/Dino.o
 .debug_macro   0x0000157e      0xd23 ./Core/Src/Dino.o
 .debug_macro   0x000022a1     0xe09e ./Core/Src/Dino.o
 .debug_macro   0x0001033f       0x6d ./Core/Src/Dino.o
 .debug_macro   0x000103ac     0x34a2 ./Core/Src/Dino.o
 .debug_macro   0x0001384e      0x189 ./Core/Src/Dino.o
 .debug_macro   0x000139d7       0x5c ./Core/Src/Dino.o
 .debug_macro   0x00013a33      0x5bc ./Core/Src/Dino.o
 .debug_macro   0x00013fef      0x289 ./Core/Src/Dino.o
 .debug_macro   0x00014278      0x1cb ./Core/Src/Dino.o
 .debug_macro   0x00014443      0x114 ./Core/Src/Dino.o
 .debug_macro   0x00014557      0x1b2 ./Core/Src/Dino.o
 .debug_macro   0x00014709       0x27 ./Core/Src/Dino.o
 .debug_macro   0x00014730      0x136 ./Core/Src/Dino.o
 .debug_macro   0x00014866      0x1bc ./Core/Src/Dino.o
 .debug_macro   0x00014a22       0x34 ./Core/Src/Dino.o
 .debug_macro   0x00014a56       0x3c ./Core/Src/Dino.o
 .debug_macro   0x00014a92       0x57 ./Core/Src/Dino.o
 .debug_macro   0x00014ae9       0x87 ./Core/Src/Dino.o
 .debug_macro   0x00014b70      0x240 ./Core/Src/Dino.o
 .debug_macro   0x00014db0      0x287 ./Core/Src/Dino.o
 .debug_macro   0x00015037      0x140 ./Core/Src/Dino.o
 .debug_macro   0x00015177       0x83 ./Core/Src/Dino.o
 .debug_macro   0x000151fa       0x1c ./Core/Src/Dino.o
 .debug_macro   0x00015216       0x61 ./Core/Src/Dino.o
 .debug_macro   0x00015277       0x24 ./Core/Src/Dino.o
 .debug_macro   0x0001529b       0x43 ./Core/Src/Dino.o
 .debug_macro   0x000152de       0x34 ./Core/Src/Dino.o
 .debug_macro   0x00015312       0x16 ./Core/Src/Dino.o
 .debug_macro   0x00015328       0x43 ./Core/Src/Dino.o
 .debug_macro   0x0001536b       0x34 ./Core/Src/Dino.o
 .debug_macro   0x0001539f       0x10 ./Core/Src/Dino.o
 .debug_macro   0x000153af       0x58 ./Core/Src/Dino.o
 .debug_macro   0x00015407       0x8e ./Core/Src/Dino.o
 .debug_macro   0x00015495       0x1c ./Core/Src/Dino.o
 .debug_macro   0x000154b1      0x177 ./Core/Src/Dino.o
 .debug_macro   0x00015628      0x369 ./Core/Src/Dino.o
 .debug_macro   0x00015991       0x10 ./Core/Src/Dino.o
 .debug_macro   0x000159a1       0x35 ./Core/Src/Dino.o
 .debug_macro   0x000159d6       0x20 ./Core/Src/Dino.o
 .debug_macro   0x000159f6       0x1c ./Core/Src/Dino.o
 .debug_macro   0x00015a12       0x10 ./Core/Src/Dino.o
 .debug_macro   0x00015a22       0x1c ./Core/Src/Dino.o
 .debug_macro   0x00015a3e       0x16 ./Core/Src/Dino.o
 .debug_macro   0x00015a54      0x146 ./Core/Src/Dino.o
 .debug_macro   0x00015b9a       0x16 ./Core/Src/Dino.o
 .debug_macro   0x00015bb0       0x16 ./Core/Src/Dino.o
 .debug_macro   0x00015bc6       0x29 ./Core/Src/Dino.o
 .debug_macro   0x00015bef      0x1a7 ./Core/Src/dma.o
 .debug_macro   0x00015d96      0x140 ./Core/Src/font.o
 .debug_macro   0x00015ed6      0x1a7 ./Core/Src/gpio.o
 .debug_macro   0x0001607d      0x1a7 ./Core/Src/i2c.o
 .debug_macro   0x00016224      0x2b5 ./Core/Src/main.o
 .debug_macro   0x000164d9      0x2e8 ./Core/Src/oled.o
 .debug_macro   0x000167c1       0x56 ./Core/Src/oled.o
 .debug_macro   0x00016817      0x19b ./Core/Src/oled.o
 .debug_macro   0x000169b2      0x19d ./Core/Src/stm32f1xx_hal_msp.o
 .debug_macro   0x00016b4f      0x1a7 ./Core/Src/stm32f1xx_it.o
 .debug_macro   0x00016cf6       0xff ./Core/Src/sysmem.o
 .debug_macro   0x00016df5      0x23c ./Core/Src/sysmem.o
 .debug_macro   0x00017031      0x18e ./Core/Src/system_stm32f1xx.o
 .debug_macro   0x000171bf      0x1b2 ./Drivers/STM32F1xx_HAL_Driver/Src/stm32f1xx_hal.o
 .debug_macro   0x00017371      0x18e ./Drivers/STM32F1xx_HAL_Driver/Src/stm32f1xx_hal_cortex.o
 .debug_macro   0x000174ff      0x18e ./Drivers/STM32F1xx_HAL_Driver/Src/stm32f1xx_hal_dma.o
 .debug_macro   0x0001768d      0x1f9 ./Drivers/STM32F1xx_HAL_Driver/Src/stm32f1xx_hal_gpio.o
 .debug_macro   0x00017886      0x1dc ./Drivers/STM32F1xx_HAL_Driver/Src/stm32f1xx_hal_i2c.o
 .debug_macro   0x00017a62      0x1a0 ./Drivers/STM32F1xx_HAL_Driver/Src/stm32f1xx_hal_rcc.o

.debug_line     0x00000000     0xd5c1
 .debug_line    0x00000000      0xc84 ./Core/Src/Dino.o
 .debug_line    0x00000c84      0x6c8 ./Core/Src/dma.o
 .debug_line    0x0000134c      0x66e ./Core/Src/font.o
 .debug_line    0x000019ba      0x6d5 ./Core/Src/gpio.o
 .debug_line    0x0000208f      0x77c ./Core/Src/i2c.o
 .debug_line    0x0000280b      0x9e9 ./Core/Src/main.o
 .debug_line    0x000031f4     0x1099 ./Core/Src/oled.o
 .debug_line    0x0000428d      0x6cc ./Core/Src/stm32f1xx_hal_msp.o
 .debug_line    0x00004959      0x7ed ./Core/Src/stm32f1xx_it.o
 .debug_line    0x00005146      0x672 ./Core/Src/sysmem.o
 .debug_line    0x000057b8      0x749 ./Core/Src/system_stm32f1xx.o
 .debug_line    0x00005f01       0x78 ./Core/Startup/startup_stm32f103c8tx.o
 .debug_line    0x00005f79      0x976 ./Drivers/STM32F1xx_HAL_Driver/Src/stm32f1xx_hal.o
 .debug_line    0x000068ef      0xb62 ./Drivers/STM32F1xx_HAL_Driver/Src/stm32f1xx_hal_cortex.o
 .debug_line    0x00007451      0xdcf ./Drivers/STM32F1xx_HAL_Driver/Src/stm32f1xx_hal_dma.o
 .debug_line    0x00008220      0xa0f ./Drivers/STM32F1xx_HAL_Driver/Src/stm32f1xx_hal_gpio.o
 .debug_line    0x00008c2f     0x3c13 ./Drivers/STM32F1xx_HAL_Driver/Src/stm32f1xx_hal_i2c.o
 .debug_line    0x0000c842      0xd7f ./Drivers/STM32F1xx_HAL_Driver/Src/stm32f1xx_hal_rcc.o

.debug_str      0x00000000    0x832a9
 .debug_str     0x00000000    0x7fe82 ./Core/Src/Dino.o
                              0x801fd (size before relaxing)
 .debug_str     0x0007fe82      0x305 ./Core/Src/dma.o
                              0x7c978 (size before relaxing)
 .debug_str     0x00080187       0x6c ./Core/Src/font.o
                               0x722c (size before relaxing)
 .debug_str     0x000801f3       0x60 ./Core/Src/gpio.o
                              0x7c6de (size before relaxing)
 .debug_str     0x00080253      0x4ed ./Core/Src/i2c.o
                              0x7cf25 (size before relaxing)
 .debug_str     0x00080740      0x18c ./Core/Src/main.o
                              0x7fa53 (size before relaxing)
 .debug_str     0x000808cc      0xa1f ./Core/Src/oled.o
                              0x807fb (size before relaxing)
 .debug_str     0x000812eb       0x5a ./Core/Src/stm32f1xx_hal_msp.o
                              0x7c6a2 (size before relaxing)
 .debug_str     0x00081345      0x160 ./Core/Src/stm32f1xx_it.o
                              0x7cbfe (size before relaxing)
 .debug_str     0x000814a5      0x4dc ./Core/Src/sysmem.o
                               0x607a (size before relaxing)
 .debug_str     0x00081981       0x7e ./Core/Src/system_stm32f1xx.o
                              0x7c677 (size before relaxing)
 .debug_str     0x000819ff       0x44 ./Core/Startup/startup_stm32f103c8tx.o
                                 0x85 (size before relaxing)
 .debug_str     0x00081a43      0x378 ./Drivers/STM32F1xx_HAL_Driver/Src/stm32f1xx_hal.o
                              0x7cdaa (size before relaxing)
 .debug_str     0x00081dbb      0x294 ./Drivers/STM32F1xx_HAL_Driver/Src/stm32f1xx_hal_cortex.o
                              0x7ccf6 (size before relaxing)
 .debug_str     0x0008204f      0x206 ./Drivers/STM32F1xx_HAL_Driver/Src/stm32f1xx_hal_dma.o
                              0x7ca20 (size before relaxing)
 .debug_str     0x00082255      0x2e2 ./Drivers/STM32F1xx_HAL_Driver/Src/stm32f1xx_hal_gpio.o
                              0x7c9fd (size before relaxing)
 .debug_str     0x00082537      0xb69 ./Drivers/STM32F1xx_HAL_Driver/Src/stm32f1xx_hal_i2c.o
                              0x7d73e (size before relaxing)
 .debug_str     0x000830a0      0x209 ./Drivers/STM32F1xx_HAL_Driver/Src/stm32f1xx_hal_rcc.o
                              0x7caa6 (size before relaxing)

.comment        0x00000000       0x43
 .comment       0x00000000       0x43 ./Core/Src/Dino.o
                                 0x44 (size before relaxing)
 .comment       0x00000043       0x44 ./Core/Src/dma.o
 .comment       0x00000043       0x44 ./Core/Src/font.o
 .comment       0x00000043       0x44 ./Core/Src/gpio.o
 .comment       0x00000043       0x44 ./Core/Src/i2c.o
 .comment       0x00000043       0x44 ./Core/Src/main.o
 .comment       0x00000043       0x44 ./Core/Src/oled.o
 .comment       0x00000043       0x44 ./Core/Src/stm32f1xx_hal_msp.o
 .comment       0x00000043       0x44 ./Core/Src/stm32f1xx_it.o
 .comment       0x00000043       0x44 ./Core/Src/sysmem.o
 .comment       0x00000043       0x44 ./Core/Src/system_stm32f1xx.o
 .comment       0x00000043       0x44 ./Drivers/STM32F1xx_HAL_Driver/Src/stm32f1xx_hal.o
 .comment       0x00000043       0x44 ./Drivers/STM32F1xx_HAL_Driver/Src/stm32f1xx_hal_cortex.o
 .comment       0x00000043       0x44 ./Drivers/STM32F1xx_HAL_Driver/Src/stm32f1xx_hal_dma.o
 .comment       0x00000043       0x44 ./Drivers/STM32F1xx_HAL_Driver/Src/stm32f1xx_hal_gpio.o
 .comment       0x00000043       0x44 ./Drivers/STM32F1xx_HAL_Driver/Src/stm32f1xx_hal_i2c.o
 .comment       0x00000043       0x44 ./Drivers/STM32F1xx_HAL_Driver/Src/stm32f1xx_hal_rcc.o

.debug_frame    0x00000000     0x2720
 .debug_frame   0x00000000       0xec ./Core/Src/Dino.o
 .debug_frame   0x000000ec       0x34 ./Core/Src/dma.o
 .debug_frame   0x00000120       0x34 ./Core/Src/gpio.o
 .debug_frame   0x00000154       0x74 ./Core/Src/i2c.o
 .debug_frame   0x000001c8       0x68 ./Core/Src/main.o
 .debug_frame   0x00000230      0x398 ./Core/Src/oled.o
 .debug_frame   0x000005c8       0x38 ./Core/Src/stm32f1xx_hal_msp.o
 .debug_frame   0x00000600      0x174 ./Core/Src/stm32f1xx_it.o
 .debug_frame   0x00000774       0x34 ./Core/Src/sysmem.o
 .debug_frame   0x000007a8       0x58 ./Core/Src/system_stm32f1xx.o
 .debug_frame   0x00000800      0x334 ./Drivers/STM32F1xx_HAL_Driver/Src/stm32f1xx_hal.o
 .debug_frame   0x00000b34      0x428 ./Drivers/STM32F1xx_HAL_Driver/Src/stm32f1xx_hal_cortex.o
 .debug_frame   0x00000f5c      0x208 ./Drivers/STM32F1xx_HAL_Driver/Src/stm32f1xx_hal_dma.o
 .debug_frame   0x00001164      0x14c ./Drivers/STM32F1xx_HAL_Driver/Src/stm32f1xx_hal_gpio.o
 .debug_frame   0x000012b0      0xc84 ./Drivers/STM32F1xx_HAL_Driver/Src/stm32f1xx_hal_i2c.o
 .debug_frame   0x00001f34      0x218 ./Drivers/STM32F1xx_HAL_Driver/Src/stm32f1xx_hal_rcc.o
 .debug_frame   0x0000214c      0x144 E:/dev/Embedded/STM32CubeIDE_1.16.0/STM32CubeIDE/plugins/com.st.stm32cube.ide.mcu.externaltools.gnu-tools-for-stm32.12.3.rel1.win32_1.0.200.202406191623/tools/bin/../lib/gcc/arm-none-eabi/12.3.1/../../../../arm-none-eabi/lib/thumb/v7-m/nofp\libc_nano.a(libc_a-findfp.o)
 .debug_frame   0x00002290       0x6c E:/dev/Embedded/STM32CubeIDE_1.16.0/STM32CubeIDE/plugins/com.st.stm32cube.ide.mcu.externaltools.gnu-tools-for-stm32.12.3.rel1.win32_1.0.200.202406191623/tools/bin/../lib/gcc/arm-none-eabi/12.3.1/../../../../arm-none-eabi/lib/thumb/v7-m/nofp\libc_nano.a(libc_a-sprintf.o)
 .debug_frame   0x000022fc       0x28 E:/dev/Embedded/STM32CubeIDE_1.16.0/STM32CubeIDE/plugins/com.st.stm32cube.ide.mcu.externaltools.gnu-tools-for-stm32.12.3.rel1.win32_1.0.200.202406191623/tools/bin/../lib/gcc/arm-none-eabi/12.3.1/../../../../arm-none-eabi/lib/thumb/v7-m/nofp\libc_nano.a(libc_a-memcmp.o)
 .debug_frame   0x00002324       0x20 E:/dev/Embedded/STM32CubeIDE_1.16.0/STM32CubeIDE/plugins/com.st.stm32cube.ide.mcu.externaltools.gnu-tools-for-stm32.12.3.rel1.win32_1.0.200.202406191623/tools/bin/../lib/gcc/arm-none-eabi/12.3.1/../../../../arm-none-eabi/lib/thumb/v7-m/nofp\libc_nano.a(libc_a-memset.o)
 .debug_frame   0x00002344       0x38 E:/dev/Embedded/STM32CubeIDE_1.16.0/STM32CubeIDE/plugins/com.st.stm32cube.ide.mcu.externaltools.gnu-tools-for-stm32.12.3.rel1.win32_1.0.200.202406191623/tools/bin/../lib/gcc/arm-none-eabi/12.3.1/../../../../arm-none-eabi/lib/thumb/v7-m/nofp\libc_nano.a(libc_a-reent.o)
 .debug_frame   0x0000237c       0x20 E:/dev/Embedded/STM32CubeIDE_1.16.0/STM32CubeIDE/plugins/com.st.stm32cube.ide.mcu.externaltools.gnu-tools-for-stm32.12.3.rel1.win32_1.0.200.202406191623/tools/bin/../lib/gcc/arm-none-eabi/12.3.1/../../../../arm-none-eabi/lib/thumb/v7-m/nofp\libc_nano.a(libc_a-errno.o)
 .debug_frame   0x0000239c       0x2c E:/dev/Embedded/STM32CubeIDE_1.16.0/STM32CubeIDE/plugins/com.st.stm32cube.ide.mcu.externaltools.gnu-tools-for-stm32.12.3.rel1.win32_1.0.200.202406191623/tools/bin/../lib/gcc/arm-none-eabi/12.3.1/../../../../arm-none-eabi/lib/thumb/v7-m/nofp\libc_nano.a(libc_a-init.o)
 .debug_frame   0x000023c8       0xb0 E:/dev/Embedded/STM32CubeIDE_1.16.0/STM32CubeIDE/plugins/com.st.stm32cube.ide.mcu.externaltools.gnu-tools-for-stm32.12.3.rel1.win32_1.0.200.202406191623/tools/bin/../lib/gcc/arm-none-eabi/12.3.1/../../../../arm-none-eabi/lib/thumb/v7-m/nofp\libc_nano.a(libc_a-lock.o)
 .debug_frame   0x00002478       0x28 E:/dev/Embedded/STM32CubeIDE_1.16.0/STM32CubeIDE/plugins/com.st.stm32cube.ide.mcu.externaltools.gnu-tools-for-stm32.12.3.rel1.win32_1.0.200.202406191623/tools/bin/../lib/gcc/arm-none-eabi/12.3.1/../../../../arm-none-eabi/lib/thumb/v7-m/nofp\libc_nano.a(libc_a-memcpy-stub.o)
 .debug_frame   0x000024a0       0x38 E:/dev/Embedded/STM32CubeIDE_1.16.0/STM32CubeIDE/plugins/com.st.stm32cube.ide.mcu.externaltools.gnu-tools-for-stm32.12.3.rel1.win32_1.0.200.202406191623/tools/bin/../lib/gcc/arm-none-eabi/12.3.1/../../../../arm-none-eabi/lib/thumb/v7-m/nofp\libc_nano.a(libc_a-freer.o)
 .debug_frame   0x000024d8       0x50 E:/dev/Embedded/STM32CubeIDE_1.16.0/STM32CubeIDE/plugins/com.st.stm32cube.ide.mcu.externaltools.gnu-tools-for-stm32.12.3.rel1.win32_1.0.200.202406191623/tools/bin/../lib/gcc/arm-none-eabi/12.3.1/../../../../arm-none-eabi/lib/thumb/v7-m/nofp\libc_nano.a(libc_a-mallocr.o)
 .debug_frame   0x00002528       0x30 E:/dev/Embedded/STM32CubeIDE_1.16.0/STM32CubeIDE/plugins/com.st.stm32cube.ide.mcu.externaltools.gnu-tools-for-stm32.12.3.rel1.win32_1.0.200.202406191623/tools/bin/../lib/gcc/arm-none-eabi/12.3.1/../../../../arm-none-eabi/lib/thumb/v7-m/nofp\libc_nano.a(libc_a-mlock.o)
 .debug_frame   0x00002558       0x90 E:/dev/Embedded/STM32CubeIDE_1.16.0/STM32CubeIDE/plugins/com.st.stm32cube.ide.mcu.externaltools.gnu-tools-for-stm32.12.3.rel1.win32_1.0.200.202406191623/tools/bin/../lib/gcc/arm-none-eabi/12.3.1/../../../../arm-none-eabi/lib/thumb/v7-m/nofp\libc_nano.a(libc_a-nano-svfprintf.o)
 .debug_frame   0x000025e8       0x60 E:/dev/Embedded/STM32CubeIDE_1.16.0/STM32CubeIDE/plugins/com.st.stm32cube.ide.mcu.externaltools.gnu-tools-for-stm32.12.3.rel1.win32_1.0.200.202406191623/tools/bin/../lib/gcc/arm-none-eabi/12.3.1/../../../../arm-none-eabi/lib/thumb/v7-m/nofp\libc_nano.a(libc_a-nano-vfprintf_i.o)
 .debug_frame   0x00002648       0x28 E:/dev/Embedded/STM32CubeIDE_1.16.0/STM32CubeIDE/plugins/com.st.stm32cube.ide.mcu.externaltools.gnu-tools-for-stm32.12.3.rel1.win32_1.0.200.202406191623/tools/bin/../lib/gcc/arm-none-eabi/12.3.1/../../../../arm-none-eabi/lib/thumb/v7-m/nofp\libc_nano.a(libc_a-memmove.o)
 .debug_frame   0x00002670       0x2c E:/dev/Embedded/STM32CubeIDE_1.16.0/STM32CubeIDE/plugins/com.st.stm32cube.ide.mcu.externaltools.gnu-tools-for-stm32.12.3.rel1.win32_1.0.200.202406191623/tools/bin/../lib/gcc/arm-none-eabi/12.3.1/../../../../arm-none-eabi/lib/thumb/v7-m/nofp\libc_nano.a(libc_a-sbrkr.o)
 .debug_frame   0x0000269c       0x28 E:/dev/Embedded/STM32CubeIDE_1.16.0/STM32CubeIDE/plugins/com.st.stm32cube.ide.mcu.externaltools.gnu-tools-for-stm32.12.3.rel1.win32_1.0.200.202406191623/tools/bin/../lib/gcc/arm-none-eabi/12.3.1/../../../../arm-none-eabi/lib/thumb/v7-m/nofp\libc_nano.a(libc_a-memchr-stub.o)
 .debug_frame   0x000026c4       0x3c E:/dev/Embedded/STM32CubeIDE_1.16.0/STM32CubeIDE/plugins/com.st.stm32cube.ide.mcu.externaltools.gnu-tools-for-stm32.12.3.rel1.win32_1.0.200.202406191623/tools/bin/../lib/gcc/arm-none-eabi/12.3.1/../../../../arm-none-eabi/lib/thumb/v7-m/nofp\libc_nano.a(libc_a-reallocr.o)
 .debug_frame   0x00002700       0x20 E:/dev/Embedded/STM32CubeIDE_1.16.0/STM32CubeIDE/plugins/com.st.stm32cube.ide.mcu.externaltools.gnu-tools-for-stm32.12.3.rel1.win32_1.0.200.202406191623/tools/bin/../lib/gcc/arm-none-eabi/12.3.1/../../../../arm-none-eabi/lib/thumb/v7-m/nofp\libc_nano.a(libc_a-msizer.o)

.debug_line_str
                0x00000000       0x69
 .debug_line_str
                0x00000000       0x69 ./Core/Startup/startup_stm32f103c8tx.o
